<html>
<body>
<pre>
<h1>µVision Build Log</h1>
<h2>Tool Versions:</h2>
IDE-Version: µVision V5.39.0.0
Copyright (C) 2023 ARM Ltd and ARM Germany GmbH. All rights reserved.
License Information: Ben Kozlowski, None, LIC=----
 
Tool Versions:
Toolchain:       MDK-Lite  Version: 5.39.0.0
Toolchain Path:  C:\Keil_v5\ARM\ARMCLANG\Bin
C Compiler:      ArmClang.exe V6.21
Assembler:       Armasm.exe V6.21
Linker/Locator:  ArmLink.exe V6.21
Library Manager: ArmAr.exe V6.21
Hex Converter:   FromElf.exe V6.21
CPU DLL:         SARMCM3.DLL V5.39.0.0
Dialog DLL:      DARMCM1.DLL V1.19.6.0
Target DLL:      STLink\ST-LINKIII-KEIL_SWO.dll V3.2.0.0
Dialog DLL:      TARMCM1.DLL V1.14.6.0
 
<h2>Project:</h2>
C:\Users\kozlo\Documents\Arm Projects\RAZ-RE\Firmware\keil-mdk\MDK-ARM\ReFlasher.uvprojx
Project File Date:  04/16/2024

<h2>Output:</h2>
*** Using Compiler 'V6.21', folder: 'C:\Keil_v5\ARM\ARMCLANG\Bin'
Rebuild target 'RAZ'
assembling startup_n32g031.s...
compiling main.c...
compiling n32g031_it.c...
compiling system_n32g031.c...
compiling n32g031_gpio.c...
compiling n32g031_spi.c...
compiling spi_flash.c...
compiling n32g031_rcc.c...
linking...
Program Size: Code=4322 RO-data=1158 RW-data=0 ZI-data=5160  
".\Objects\ReFlasher.axf" - 0 Error(s), 0 Warning(s).

<h2>Software Packages used:</h2>

Package Vendor: Nationstech
                http://www.keil.com/pack/Nationstech.N32G031_DFP.1.0.4.pack
                Nationstech::N32G031_DFP@1.0.4
                Nationstech N32G031 Series Device Support, Drivers and Examples

<h2>Collection of Component include folders:</h2>
  C:/Users/kozlo/AppData/Local/Arm/Packs/Nationstech/N32G031_DFP/1.0.4/firmware/CMSIS/device

<h2>Collection of Component Files used:</h2>
Build Time Elapsed:  00:00:00
</pre>
</body>
</html>
