Component: Arm Compiler for Embedded 6.21 Tool: armlink [5ec1fa00]

==============================================================================

Section Cross References

    startup_n32g031.o(RESET) refers to startup_n32g031.o(STACK) for __initial_sp
    startup_n32g031.o(RESET) refers to startup_n32g031.o(.text) for Reset_Handler
    startup_n32g031.o(RESET) refers to n32g031_it.o(.text.NMI_Handler) for NMI_Handler
    startup_n32g031.o(RESET) refers to n32g031_it.o(.text.HardFault_Handler) for HardFault_Handler
    startup_n32g031.o(RESET) refers to n32g031_it.o(.text.SVC_Handler) for SVC_Handler
    startup_n32g031.o(RESET) refers to n32g031_it.o(.text.PendSV_Handler) for PendSV_Handler
    startup_n32g031.o(RESET) refers to n32g031_it.o(.text.SysTick_Handler) for SysTick_Handler
    startup_n32g031.o(.text) refers to system_n32g031.o(.text.SystemInit) for SystemInit
    startup_n32g031.o(.text) refers to entry.o(.ARM.Collect$$$$00000000) for __main
    system_n32g031.o(.ARM.exidx.text.SystemInit) refers to system_n32g031.o(.text.SystemInit) for [Anonymous Symbol]
    system_n32g031.o(.text.SystemCoreClockUpdate) refers to uidiv_div0.o(.text) for __aeabi_uidiv
    system_n32g031.o(.text.SystemCoreClockUpdate) refers to system_n32g031.o(.data.SystemCoreClock) for SystemCoreClock
    system_n32g031.o(.text.SystemCoreClockUpdate) refers to system_n32g031.o(.rodata.AHBPrescTable) for AHBPrescTable
    system_n32g031.o(.ARM.exidx.text.SystemCoreClockUpdate) refers to system_n32g031.o(.text.SystemCoreClockUpdate) for [Anonymous Symbol]
    n32g031_gpio.o(.text.GPIO_DeInit) refers to main.o(.text.assert_failed) for assert_failed
    n32g031_gpio.o(.text.GPIO_DeInit) refers to n32g031_rcc.o(.text.RCC_EnableAPB2PeriphReset) for RCC_EnableAPB2PeriphReset
    n32g031_gpio.o(.text.GPIO_DeInit) refers to n32g031_gpio.o(.rodata.str1.1) for [Anonymous Symbol]
    n32g031_gpio.o(.ARM.exidx.text.GPIO_DeInit) refers to n32g031_gpio.o(.text.GPIO_DeInit) for [Anonymous Symbol]
    n32g031_gpio.o(.text.GPIO_DeInitPin) refers to main.o(.text.assert_failed) for assert_failed
    n32g031_gpio.o(.text.GPIO_DeInitPin) refers to n32g031_gpio.o(.rodata.str1.1) for [Anonymous Symbol]
    n32g031_gpio.o(.ARM.exidx.text.GPIO_DeInitPin) refers to n32g031_gpio.o(.text.GPIO_DeInitPin) for [Anonymous Symbol]
    n32g031_gpio.o(.text.GPIO_AFIOInitDefault) refers to n32g031_rcc.o(.text.RCC_EnableAPB2PeriphReset) for RCC_EnableAPB2PeriphReset
    n32g031_gpio.o(.ARM.exidx.text.GPIO_AFIOInitDefault) refers to n32g031_gpio.o(.text.GPIO_AFIOInitDefault) for [Anonymous Symbol]
    n32g031_gpio.o(.text.GPIO_InitPeripheral) refers to main.o(.text.assert_failed) for assert_failed
    n32g031_gpio.o(.text.GPIO_InitPeripheral) refers to n32g031_gpio.o(.rodata.str1.1) for [Anonymous Symbol]
    n32g031_gpio.o(.ARM.exidx.text.GPIO_InitPeripheral) refers to n32g031_gpio.o(.text.GPIO_InitPeripheral) for [Anonymous Symbol]
    n32g031_gpio.o(.ARM.exidx.text.GPIO_InitStruct) refers to n32g031_gpio.o(.text.GPIO_InitStruct) for [Anonymous Symbol]
    n32g031_gpio.o(.text.GPIO_ReadInputDataBit) refers to main.o(.text.assert_failed) for assert_failed
    n32g031_gpio.o(.text.GPIO_ReadInputDataBit) refers to n32g031_gpio.o(.rodata.str1.1) for [Anonymous Symbol]
    n32g031_gpio.o(.ARM.exidx.text.GPIO_ReadInputDataBit) refers to n32g031_gpio.o(.text.GPIO_ReadInputDataBit) for [Anonymous Symbol]
    n32g031_gpio.o(.text.GPIO_ReadInputData) refers to main.o(.text.assert_failed) for assert_failed
    n32g031_gpio.o(.text.GPIO_ReadInputData) refers to n32g031_gpio.o(.rodata.str1.1) for [Anonymous Symbol]
    n32g031_gpio.o(.ARM.exidx.text.GPIO_ReadInputData) refers to n32g031_gpio.o(.text.GPIO_ReadInputData) for [Anonymous Symbol]
    n32g031_gpio.o(.text.GPIO_ReadOutputDataBit) refers to main.o(.text.assert_failed) for assert_failed
    n32g031_gpio.o(.text.GPIO_ReadOutputDataBit) refers to n32g031_gpio.o(.rodata.str1.1) for [Anonymous Symbol]
    n32g031_gpio.o(.ARM.exidx.text.GPIO_ReadOutputDataBit) refers to n32g031_gpio.o(.text.GPIO_ReadOutputDataBit) for [Anonymous Symbol]
    n32g031_gpio.o(.text.GPIO_ReadOutputData) refers to main.o(.text.assert_failed) for assert_failed
    n32g031_gpio.o(.text.GPIO_ReadOutputData) refers to n32g031_gpio.o(.rodata.str1.1) for [Anonymous Symbol]
    n32g031_gpio.o(.ARM.exidx.text.GPIO_ReadOutputData) refers to n32g031_gpio.o(.text.GPIO_ReadOutputData) for [Anonymous Symbol]
    n32g031_gpio.o(.text.GPIO_SetBits) refers to main.o(.text.assert_failed) for assert_failed
    n32g031_gpio.o(.text.GPIO_SetBits) refers to n32g031_gpio.o(.rodata.str1.1) for [Anonymous Symbol]
    n32g031_gpio.o(.ARM.exidx.text.GPIO_SetBits) refers to n32g031_gpio.o(.text.GPIO_SetBits) for [Anonymous Symbol]
    n32g031_gpio.o(.text.GPIO_ResetBits) refers to main.o(.text.assert_failed) for assert_failed
    n32g031_gpio.o(.text.GPIO_ResetBits) refers to n32g031_gpio.o(.rodata.str1.1) for [Anonymous Symbol]
    n32g031_gpio.o(.ARM.exidx.text.GPIO_ResetBits) refers to n32g031_gpio.o(.text.GPIO_ResetBits) for [Anonymous Symbol]
    n32g031_gpio.o(.text.GPIO_WriteBit) refers to main.o(.text.assert_failed) for assert_failed
    n32g031_gpio.o(.text.GPIO_WriteBit) refers to n32g031_gpio.o(.rodata.str1.1) for [Anonymous Symbol]
    n32g031_gpio.o(.ARM.exidx.text.GPIO_WriteBit) refers to n32g031_gpio.o(.text.GPIO_WriteBit) for [Anonymous Symbol]
    n32g031_gpio.o(.text.GPIO_Write) refers to main.o(.text.assert_failed) for assert_failed
    n32g031_gpio.o(.text.GPIO_Write) refers to n32g031_gpio.o(.rodata.str1.1) for [Anonymous Symbol]
    n32g031_gpio.o(.ARM.exidx.text.GPIO_Write) refers to n32g031_gpio.o(.text.GPIO_Write) for [Anonymous Symbol]
    n32g031_gpio.o(.text.GPIO_TogglePin) refers to main.o(.text.assert_failed) for assert_failed
    n32g031_gpio.o(.text.GPIO_TogglePin) refers to n32g031_gpio.o(.rodata.str1.1) for [Anonymous Symbol]
    n32g031_gpio.o(.ARM.exidx.text.GPIO_TogglePin) refers to n32g031_gpio.o(.text.GPIO_TogglePin) for [Anonymous Symbol]
    n32g031_gpio.o(.text.GPIO_ConfigPinLock) refers to main.o(.text.assert_failed) for assert_failed
    n32g031_gpio.o(.text.GPIO_ConfigPinLock) refers to n32g031_gpio.o(.rodata.str1.1) for [Anonymous Symbol]
    n32g031_gpio.o(.ARM.exidx.text.GPIO_ConfigPinLock) refers to n32g031_gpio.o(.text.GPIO_ConfigPinLock) for [Anonymous Symbol]
    n32g031_gpio.o(.text.GPIO_ConfigEXTILine) refers to main.o(.text.assert_failed) for assert_failed
    n32g031_gpio.o(.text.GPIO_ConfigEXTILine) refers to n32g031_gpio.o(.rodata.str1.1) for [Anonymous Symbol]
    n32g031_gpio.o(.ARM.exidx.text.GPIO_ConfigEXTILine) refers to n32g031_gpio.o(.text.GPIO_ConfigEXTILine) for [Anonymous Symbol]
    n32g031_gpio.o(.text.GPIO_ConfigPinRemap) refers to main.o(.text.assert_failed) for assert_failed
    n32g031_gpio.o(.text.GPIO_ConfigPinRemap) refers to n32g031_gpio.o(.rodata.str1.1) for [Anonymous Symbol]
    n32g031_gpio.o(.ARM.exidx.text.GPIO_ConfigPinRemap) refers to n32g031_gpio.o(.text.GPIO_ConfigPinRemap) for [Anonymous Symbol]
    n32g031_gpio.o(.text.AFIO_ConfigSPINSSMode) refers to main.o(.text.assert_failed) for assert_failed
    n32g031_gpio.o(.text.AFIO_ConfigSPINSSMode) refers to n32g031_gpio.o(.rodata.str1.1) for [Anonymous Symbol]
    n32g031_gpio.o(.ARM.exidx.text.AFIO_ConfigSPINSSMode) refers to n32g031_gpio.o(.text.AFIO_ConfigSPINSSMode) for [Anonymous Symbol]
    n32g031_gpio.o(.text.AFIO_ConfigADCExternalTrigRemap) refers to main.o(.text.assert_failed) for assert_failed
    n32g031_gpio.o(.text.AFIO_ConfigADCExternalTrigRemap) refers to n32g031_gpio.o(.rodata.str1.1) for [Anonymous Symbol]
    n32g031_gpio.o(.ARM.exidx.text.AFIO_ConfigADCExternalTrigRemap) refers to n32g031_gpio.o(.text.AFIO_ConfigADCExternalTrigRemap) for [Anonymous Symbol]
    n32g031_spi.o(.text.SPI_I2S_DeInit) refers to n32g031_rcc.o(.text.RCC_EnableAPB2PeriphReset) for RCC_EnableAPB2PeriphReset
    n32g031_spi.o(.text.SPI_I2S_DeInit) refers to main.o(.text.assert_failed) for assert_failed
    n32g031_spi.o(.text.SPI_I2S_DeInit) refers to n32g031_spi.o(.rodata.str1.1) for [Anonymous Symbol]
    n32g031_spi.o(.ARM.exidx.text.SPI_I2S_DeInit) refers to n32g031_spi.o(.text.SPI_I2S_DeInit) for [Anonymous Symbol]
    n32g031_spi.o(.text.SPI_Init) refers to main.o(.text.assert_failed) for assert_failed
    n32g031_spi.o(.text.SPI_Init) refers to n32g031_spi.o(.rodata.str1.1) for [Anonymous Symbol]
    n32g031_spi.o(.ARM.exidx.text.SPI_Init) refers to n32g031_spi.o(.text.SPI_Init) for [Anonymous Symbol]
    n32g031_spi.o(.text.I2S_Init) refers to main.o(.text.assert_failed) for assert_failed
    n32g031_spi.o(.text.I2S_Init) refers to n32g031_rcc.o(.text.RCC_GetClocksFreqValue) for RCC_GetClocksFreqValue
    n32g031_spi.o(.text.I2S_Init) refers to uidiv_div0.o(.text) for __aeabi_uidiv
    n32g031_spi.o(.text.I2S_Init) refers to n32g031_spi.o(.rodata.str1.1) for [Anonymous Symbol]
    n32g031_spi.o(.ARM.exidx.text.I2S_Init) refers to n32g031_spi.o(.text.I2S_Init) for [Anonymous Symbol]
    n32g031_spi.o(.ARM.exidx.text.SPI_InitStruct) refers to n32g031_spi.o(.text.SPI_InitStruct) for [Anonymous Symbol]
    n32g031_spi.o(.ARM.exidx.text.I2S_InitStruct) refers to n32g031_spi.o(.text.I2S_InitStruct) for [Anonymous Symbol]
    n32g031_spi.o(.text.SPI_Enable) refers to main.o(.text.assert_failed) for assert_failed
    n32g031_spi.o(.text.SPI_Enable) refers to n32g031_spi.o(.rodata.str1.1) for [Anonymous Symbol]
    n32g031_spi.o(.ARM.exidx.text.SPI_Enable) refers to n32g031_spi.o(.text.SPI_Enable) for [Anonymous Symbol]
    n32g031_spi.o(.text.I2S_Enable) refers to main.o(.text.assert_failed) for assert_failed
    n32g031_spi.o(.text.I2S_Enable) refers to n32g031_spi.o(.rodata.str1.1) for [Anonymous Symbol]
    n32g031_spi.o(.ARM.exidx.text.I2S_Enable) refers to n32g031_spi.o(.text.I2S_Enable) for [Anonymous Symbol]
    n32g031_spi.o(.text.SPI_I2S_EnableInt) refers to main.o(.text.assert_failed) for assert_failed
    n32g031_spi.o(.text.SPI_I2S_EnableInt) refers to n32g031_spi.o(.rodata.str1.1) for [Anonymous Symbol]
    n32g031_spi.o(.ARM.exidx.text.SPI_I2S_EnableInt) refers to n32g031_spi.o(.text.SPI_I2S_EnableInt) for [Anonymous Symbol]
    n32g031_spi.o(.text.SPI_I2S_EnableDma) refers to main.o(.text.assert_failed) for assert_failed
    n32g031_spi.o(.text.SPI_I2S_EnableDma) refers to n32g031_spi.o(.rodata.str1.1) for [Anonymous Symbol]
    n32g031_spi.o(.ARM.exidx.text.SPI_I2S_EnableDma) refers to n32g031_spi.o(.text.SPI_I2S_EnableDma) for [Anonymous Symbol]
    n32g031_spi.o(.text.SPI_I2S_TransmitData) refers to main.o(.text.assert_failed) for assert_failed
    n32g031_spi.o(.text.SPI_I2S_TransmitData) refers to n32g031_spi.o(.rodata.str1.1) for [Anonymous Symbol]
    n32g031_spi.o(.ARM.exidx.text.SPI_I2S_TransmitData) refers to n32g031_spi.o(.text.SPI_I2S_TransmitData) for [Anonymous Symbol]
    n32g031_spi.o(.text.SPI_I2S_ReceiveData) refers to main.o(.text.assert_failed) for assert_failed
    n32g031_spi.o(.text.SPI_I2S_ReceiveData) refers to n32g031_spi.o(.rodata.str1.1) for [Anonymous Symbol]
    n32g031_spi.o(.ARM.exidx.text.SPI_I2S_ReceiveData) refers to n32g031_spi.o(.text.SPI_I2S_ReceiveData) for [Anonymous Symbol]
    n32g031_spi.o(.text.SPI_SetNssLevel) refers to main.o(.text.assert_failed) for assert_failed
    n32g031_spi.o(.text.SPI_SetNssLevel) refers to n32g031_spi.o(.rodata.str1.1) for [Anonymous Symbol]
    n32g031_spi.o(.ARM.exidx.text.SPI_SetNssLevel) refers to n32g031_spi.o(.text.SPI_SetNssLevel) for [Anonymous Symbol]
    n32g031_spi.o(.text.SPI_SSOutputEnable) refers to main.o(.text.assert_failed) for assert_failed
    n32g031_spi.o(.text.SPI_SSOutputEnable) refers to n32g031_spi.o(.rodata.str1.1) for [Anonymous Symbol]
    n32g031_spi.o(.ARM.exidx.text.SPI_SSOutputEnable) refers to n32g031_spi.o(.text.SPI_SSOutputEnable) for [Anonymous Symbol]
    n32g031_spi.o(.text.SPI_ConfigDataLen) refers to main.o(.text.assert_failed) for assert_failed
    n32g031_spi.o(.text.SPI_ConfigDataLen) refers to n32g031_spi.o(.rodata.str1.1) for [Anonymous Symbol]
    n32g031_spi.o(.ARM.exidx.text.SPI_ConfigDataLen) refers to n32g031_spi.o(.text.SPI_ConfigDataLen) for [Anonymous Symbol]
    n32g031_spi.o(.text.SPI_TransmitCrcNext) refers to main.o(.text.assert_failed) for assert_failed
    n32g031_spi.o(.text.SPI_TransmitCrcNext) refers to n32g031_spi.o(.rodata.str1.1) for [Anonymous Symbol]
    n32g031_spi.o(.ARM.exidx.text.SPI_TransmitCrcNext) refers to n32g031_spi.o(.text.SPI_TransmitCrcNext) for [Anonymous Symbol]
    n32g031_spi.o(.text.SPI_EnableCalculateCrc) refers to main.o(.text.assert_failed) for assert_failed
    n32g031_spi.o(.text.SPI_EnableCalculateCrc) refers to n32g031_spi.o(.rodata.str1.1) for [Anonymous Symbol]
    n32g031_spi.o(.ARM.exidx.text.SPI_EnableCalculateCrc) refers to n32g031_spi.o(.text.SPI_EnableCalculateCrc) for [Anonymous Symbol]
    n32g031_spi.o(.text.SPI_GetCRCDat) refers to main.o(.text.assert_failed) for assert_failed
    n32g031_spi.o(.text.SPI_GetCRCDat) refers to n32g031_spi.o(.rodata.str1.1) for [Anonymous Symbol]
    n32g031_spi.o(.ARM.exidx.text.SPI_GetCRCDat) refers to n32g031_spi.o(.text.SPI_GetCRCDat) for [Anonymous Symbol]
    n32g031_spi.o(.text.SPI_GetCRCPoly) refers to main.o(.text.assert_failed) for assert_failed
    n32g031_spi.o(.text.SPI_GetCRCPoly) refers to n32g031_spi.o(.rodata.str1.1) for [Anonymous Symbol]
    n32g031_spi.o(.ARM.exidx.text.SPI_GetCRCPoly) refers to n32g031_spi.o(.text.SPI_GetCRCPoly) for [Anonymous Symbol]
    n32g031_spi.o(.text.SPI_ConfigBidirectionalMode) refers to main.o(.text.assert_failed) for assert_failed
    n32g031_spi.o(.text.SPI_ConfigBidirectionalMode) refers to n32g031_spi.o(.rodata.str1.1) for [Anonymous Symbol]
    n32g031_spi.o(.ARM.exidx.text.SPI_ConfigBidirectionalMode) refers to n32g031_spi.o(.text.SPI_ConfigBidirectionalMode) for [Anonymous Symbol]
    n32g031_spi.o(.text.SPI_I2S_GetStatus) refers to main.o(.text.assert_failed) for assert_failed
    n32g031_spi.o(.text.SPI_I2S_GetStatus) refers to n32g031_spi.o(.rodata.str1.1) for [Anonymous Symbol]
    n32g031_spi.o(.ARM.exidx.text.SPI_I2S_GetStatus) refers to n32g031_spi.o(.text.SPI_I2S_GetStatus) for [Anonymous Symbol]
    n32g031_spi.o(.text.SPI_I2S_ClrCRCErrFlag) refers to main.o(.text.assert_failed) for assert_failed
    n32g031_spi.o(.text.SPI_I2S_ClrCRCErrFlag) refers to n32g031_spi.o(.rodata.str1.1) for [Anonymous Symbol]
    n32g031_spi.o(.ARM.exidx.text.SPI_I2S_ClrCRCErrFlag) refers to n32g031_spi.o(.text.SPI_I2S_ClrCRCErrFlag) for [Anonymous Symbol]
    n32g031_spi.o(.text.SPI_I2S_GetIntStatus) refers to main.o(.text.assert_failed) for assert_failed
    n32g031_spi.o(.text.SPI_I2S_GetIntStatus) refers to n32g031_spi.o(.rodata.str1.1) for [Anonymous Symbol]
    n32g031_spi.o(.ARM.exidx.text.SPI_I2S_GetIntStatus) refers to n32g031_spi.o(.text.SPI_I2S_GetIntStatus) for [Anonymous Symbol]
    n32g031_spi.o(.text.SPI_I2S_ClrITPendingBit) refers to main.o(.text.assert_failed) for assert_failed
    n32g031_spi.o(.text.SPI_I2S_ClrITPendingBit) refers to n32g031_spi.o(.rodata.str1.1) for [Anonymous Symbol]
    n32g031_spi.o(.ARM.exidx.text.SPI_I2S_ClrITPendingBit) refers to n32g031_spi.o(.text.SPI_I2S_ClrITPendingBit) for [Anonymous Symbol]
    n32g031_rcc.o(.ARM.exidx.text.RCC_DeInit) refers to n32g031_rcc.o(.text.RCC_DeInit) for [Anonymous Symbol]
    n32g031_rcc.o(.text.RCC_ConfigHse) refers to main.o(.text.assert_failed) for assert_failed
    n32g031_rcc.o(.text.RCC_ConfigHse) refers to n32g031_rcc.o(.rodata.str1.1) for [Anonymous Symbol]
    n32g031_rcc.o(.ARM.exidx.text.RCC_ConfigHse) refers to n32g031_rcc.o(.text.RCC_ConfigHse) for [Anonymous Symbol]
    n32g031_rcc.o(.ARM.exidx.text.RCC_WaitHseStable) refers to n32g031_rcc.o(.text.RCC_WaitHseStable) for [Anonymous Symbol]
    n32g031_rcc.o(.text.RCC_GetFlagStatus) refers to main.o(.text.assert_failed) for assert_failed
    n32g031_rcc.o(.text.RCC_GetFlagStatus) refers to n32g031_rcc.o(.rodata.str1.1) for [Anonymous Symbol]
    n32g031_rcc.o(.ARM.exidx.text.RCC_GetFlagStatus) refers to n32g031_rcc.o(.text.RCC_GetFlagStatus) for [Anonymous Symbol]
    n32g031_rcc.o(.text.RCC_ConfigHsi) refers to main.o(.text.assert_failed) for assert_failed
    n32g031_rcc.o(.text.RCC_ConfigHsi) refers to n32g031_rcc.o(.rodata.str1.1) for [Anonymous Symbol]
    n32g031_rcc.o(.ARM.exidx.text.RCC_ConfigHsi) refers to n32g031_rcc.o(.text.RCC_ConfigHsi) for [Anonymous Symbol]
    n32g031_rcc.o(.ARM.exidx.text.RCC_WaitHsiStable) refers to n32g031_rcc.o(.text.RCC_WaitHsiStable) for [Anonymous Symbol]
    n32g031_rcc.o(.text.RCC_SetHsiCalibValue) refers to main.o(.text.assert_failed) for assert_failed
    n32g031_rcc.o(.text.RCC_SetHsiCalibValue) refers to n32g031_rcc.o(.rodata.str1.1) for [Anonymous Symbol]
    n32g031_rcc.o(.ARM.exidx.text.RCC_SetHsiCalibValue) refers to n32g031_rcc.o(.text.RCC_SetHsiCalibValue) for [Anonymous Symbol]
    n32g031_rcc.o(.text.RCC_EnableHsi) refers to main.o(.text.assert_failed) for assert_failed
    n32g031_rcc.o(.text.RCC_EnableHsi) refers to n32g031_rcc.o(.rodata.str1.1) for [Anonymous Symbol]
    n32g031_rcc.o(.ARM.exidx.text.RCC_EnableHsi) refers to n32g031_rcc.o(.text.RCC_EnableHsi) for [Anonymous Symbol]
    n32g031_rcc.o(.text.RCC_ConfigPll) refers to main.o(.text.assert_failed) for assert_failed
    n32g031_rcc.o(.text.RCC_ConfigPll) refers to n32g031_rcc.o(.rodata.str1.1) for [Anonymous Symbol]
    n32g031_rcc.o(.ARM.exidx.text.RCC_ConfigPll) refers to n32g031_rcc.o(.text.RCC_ConfigPll) for [Anonymous Symbol]
    n32g031_rcc.o(.text.RCC_EnablePll) refers to main.o(.text.assert_failed) for assert_failed
    n32g031_rcc.o(.text.RCC_EnablePll) refers to n32g031_rcc.o(.rodata.str1.1) for [Anonymous Symbol]
    n32g031_rcc.o(.ARM.exidx.text.RCC_EnablePll) refers to n32g031_rcc.o(.text.RCC_EnablePll) for [Anonymous Symbol]
    n32g031_rcc.o(.text.RCC_EnablePllClockOut) refers to main.o(.text.assert_failed) for assert_failed
    n32g031_rcc.o(.text.RCC_EnablePllClockOut) refers to n32g031_rcc.o(.rodata.str1.1) for [Anonymous Symbol]
    n32g031_rcc.o(.ARM.exidx.text.RCC_EnablePllClockOut) refers to n32g031_rcc.o(.text.RCC_EnablePllClockOut) for [Anonymous Symbol]
    n32g031_rcc.o(.text.RCC_ConfigSysclk) refers to main.o(.text.assert_failed) for assert_failed
    n32g031_rcc.o(.text.RCC_ConfigSysclk) refers to n32g031_rcc.o(.rodata.str1.1) for [Anonymous Symbol]
    n32g031_rcc.o(.ARM.exidx.text.RCC_ConfigSysclk) refers to n32g031_rcc.o(.text.RCC_ConfigSysclk) for [Anonymous Symbol]
    n32g031_rcc.o(.ARM.exidx.text.RCC_GetSysclkSrc) refers to n32g031_rcc.o(.text.RCC_GetSysclkSrc) for [Anonymous Symbol]
    n32g031_rcc.o(.text.RCC_ConfigHclk) refers to main.o(.text.assert_failed) for assert_failed
    n32g031_rcc.o(.text.RCC_ConfigHclk) refers to n32g031_rcc.o(.rodata.str1.1) for [Anonymous Symbol]
    n32g031_rcc.o(.ARM.exidx.text.RCC_ConfigHclk) refers to n32g031_rcc.o(.text.RCC_ConfigHclk) for [Anonymous Symbol]
    n32g031_rcc.o(.text.RCC_ConfigPclk1) refers to main.o(.text.assert_failed) for assert_failed
    n32g031_rcc.o(.text.RCC_ConfigPclk1) refers to n32g031_rcc.o(.rodata.str1.1) for [Anonymous Symbol]
    n32g031_rcc.o(.ARM.exidx.text.RCC_ConfigPclk1) refers to n32g031_rcc.o(.text.RCC_ConfigPclk1) for [Anonymous Symbol]
    n32g031_rcc.o(.text.RCC_ConfigPclk2) refers to main.o(.text.assert_failed) for assert_failed
    n32g031_rcc.o(.text.RCC_ConfigPclk2) refers to n32g031_rcc.o(.rodata.str1.1) for [Anonymous Symbol]
    n32g031_rcc.o(.ARM.exidx.text.RCC_ConfigPclk2) refers to n32g031_rcc.o(.text.RCC_ConfigPclk2) for [Anonymous Symbol]
    n32g031_rcc.o(.text.RCC_ConfigInt) refers to main.o(.text.assert_failed) for assert_failed
    n32g031_rcc.o(.text.RCC_ConfigInt) refers to n32g031_rcc.o(.rodata.str1.1) for [Anonymous Symbol]
    n32g031_rcc.o(.ARM.exidx.text.RCC_ConfigInt) refers to n32g031_rcc.o(.text.RCC_ConfigInt) for [Anonymous Symbol]
    n32g031_rcc.o(.text.RCC_ConfigTim18Clk) refers to main.o(.text.assert_failed) for assert_failed
    n32g031_rcc.o(.text.RCC_ConfigTim18Clk) refers to n32g031_rcc.o(.rodata.str1.1) for [Anonymous Symbol]
    n32g031_rcc.o(.ARM.exidx.text.RCC_ConfigTim18Clk) refers to n32g031_rcc.o(.text.RCC_ConfigTim18Clk) for [Anonymous Symbol]
    n32g031_rcc.o(.text.RCC_ConfigAdc1mClk) refers to main.o(.text.assert_failed) for assert_failed
    n32g031_rcc.o(.text.RCC_ConfigAdc1mClk) refers to n32g031_rcc.o(.rodata.str1.1) for [Anonymous Symbol]
    n32g031_rcc.o(.ARM.exidx.text.RCC_ConfigAdc1mClk) refers to n32g031_rcc.o(.text.RCC_ConfigAdc1mClk) for [Anonymous Symbol]
    n32g031_rcc.o(.text.RCC_ConfigAdcPllClk) refers to main.o(.text.assert_failed) for assert_failed
    n32g031_rcc.o(.text.RCC_ConfigAdcPllClk) refers to n32g031_rcc.o(.rodata.str1.1) for [Anonymous Symbol]
    n32g031_rcc.o(.ARM.exidx.text.RCC_ConfigAdcPllClk) refers to n32g031_rcc.o(.text.RCC_ConfigAdcPllClk) for [Anonymous Symbol]
    n32g031_rcc.o(.text.RCC_ConfigAdcHclk) refers to main.o(.text.assert_failed) for assert_failed
    n32g031_rcc.o(.text.RCC_ConfigAdcHclk) refers to n32g031_rcc.o(.rodata.str1.1) for [Anonymous Symbol]
    n32g031_rcc.o(.ARM.exidx.text.RCC_ConfigAdcHclk) refers to n32g031_rcc.o(.text.RCC_ConfigAdcHclk) for [Anonymous Symbol]
    n32g031_rcc.o(.text.RCC_ConfigLPTIMClk) refers to main.o(.text.assert_failed) for assert_failed
    n32g031_rcc.o(.text.RCC_ConfigLPTIMClk) refers to n32g031_rcc.o(.rodata.str1.1) for [Anonymous Symbol]
    n32g031_rcc.o(.ARM.exidx.text.RCC_ConfigLPTIMClk) refers to n32g031_rcc.o(.text.RCC_ConfigLPTIMClk) for [Anonymous Symbol]
    n32g031_rcc.o(.ARM.exidx.text.RCC_GetLPTIMClkSrc) refers to n32g031_rcc.o(.text.RCC_GetLPTIMClkSrc) for [Anonymous Symbol]
    n32g031_rcc.o(.text.RCC_ConfigLPUARTClk) refers to main.o(.text.assert_failed) for assert_failed
    n32g031_rcc.o(.text.RCC_ConfigLPUARTClk) refers to n32g031_rcc.o(.rodata.str1.1) for [Anonymous Symbol]
    n32g031_rcc.o(.ARM.exidx.text.RCC_ConfigLPUARTClk) refers to n32g031_rcc.o(.text.RCC_ConfigLPUARTClk) for [Anonymous Symbol]
    n32g031_rcc.o(.ARM.exidx.text.RCC_GetLPUARTClkSrc) refers to n32g031_rcc.o(.text.RCC_GetLPUARTClkSrc) for [Anonymous Symbol]
    n32g031_rcc.o(.ARM.exidx.text.RCC_LSE_Trim_Config) refers to n32g031_rcc.o(.text.RCC_LSE_Trim_Config) for [Anonymous Symbol]
    n32g031_rcc.o(.text.RCC_ConfigLse) refers to main.o(.text.assert_failed) for assert_failed
    n32g031_rcc.o(.text.RCC_ConfigLse) refers to n32g031_rcc.o(.rodata.str1.1) for [Anonymous Symbol]
    n32g031_rcc.o(.ARM.exidx.text.RCC_ConfigLse) refers to n32g031_rcc.o(.text.RCC_ConfigLse) for [Anonymous Symbol]
    n32g031_rcc.o(.text.RCC_EnableLsi) refers to main.o(.text.assert_failed) for assert_failed
    n32g031_rcc.o(.text.RCC_EnableLsi) refers to n32g031_rcc.o(.rodata.str1.1) for [Anonymous Symbol]
    n32g031_rcc.o(.ARM.exidx.text.RCC_EnableLsi) refers to n32g031_rcc.o(.text.RCC_EnableLsi) for [Anonymous Symbol]
    n32g031_rcc.o(.text.RCC_ConfigRtcClk) refers to main.o(.text.assert_failed) for assert_failed
    n32g031_rcc.o(.text.RCC_ConfigRtcClk) refers to n32g031_rcc.o(.rodata.str1.1) for [Anonymous Symbol]
    n32g031_rcc.o(.ARM.exidx.text.RCC_ConfigRtcClk) refers to n32g031_rcc.o(.text.RCC_ConfigRtcClk) for [Anonymous Symbol]
    n32g031_rcc.o(.ARM.exidx.text.RCC_GetRTCClkSrc) refers to n32g031_rcc.o(.text.RCC_GetRTCClkSrc) for [Anonymous Symbol]
    n32g031_rcc.o(.text.RCC_EnableRtcClk) refers to main.o(.text.assert_failed) for assert_failed
    n32g031_rcc.o(.text.RCC_EnableRtcClk) refers to n32g031_rcc.o(.rodata.str1.1) for [Anonymous Symbol]
    n32g031_rcc.o(.ARM.exidx.text.RCC_EnableRtcClk) refers to n32g031_rcc.o(.text.RCC_EnableRtcClk) for [Anonymous Symbol]
    n32g031_rcc.o(.text.RCC_EnableRTCReset) refers to main.o(.text.assert_failed) for assert_failed
    n32g031_rcc.o(.text.RCC_EnableRTCReset) refers to n32g031_rcc.o(.rodata.str1.1) for [Anonymous Symbol]
    n32g031_rcc.o(.ARM.exidx.text.RCC_EnableRTCReset) refers to n32g031_rcc.o(.text.RCC_EnableRTCReset) for [Anonymous Symbol]
    n32g031_rcc.o(.text.RCC_ConfigLPRUNClk) refers to main.o(.text.assert_failed) for assert_failed
    n32g031_rcc.o(.text.RCC_ConfigLPRUNClk) refers to n32g031_rcc.o(.rodata.str1.1) for [Anonymous Symbol]
    n32g031_rcc.o(.ARM.exidx.text.RCC_ConfigLPRUNClk) refers to n32g031_rcc.o(.text.RCC_ConfigLPRUNClk) for [Anonymous Symbol]
    n32g031_rcc.o(.ARM.exidx.text.RCC_GetLPRUNClkSrc) refers to n32g031_rcc.o(.text.RCC_GetLPRUNClkSrc) for [Anonymous Symbol]
    n32g031_rcc.o(.text.RCC_GetClocksFreqValue) refers to uidiv_div0.o(.text) for __aeabi_uidiv
    n32g031_rcc.o(.text.RCC_GetClocksFreqValue) refers to n32g031_rcc.o(.rodata.cst16) for [Anonymous Symbol]
    n32g031_rcc.o(.ARM.exidx.text.RCC_GetClocksFreqValue) refers to n32g031_rcc.o(.text.RCC_GetClocksFreqValue) for [Anonymous Symbol]
    n32g031_rcc.o(.text.RCC_EnableAHBPeriphClk) refers to main.o(.text.assert_failed) for assert_failed
    n32g031_rcc.o(.text.RCC_EnableAHBPeriphClk) refers to n32g031_rcc.o(.rodata.str1.1) for [Anonymous Symbol]
    n32g031_rcc.o(.ARM.exidx.text.RCC_EnableAHBPeriphClk) refers to n32g031_rcc.o(.text.RCC_EnableAHBPeriphClk) for [Anonymous Symbol]
    n32g031_rcc.o(.text.RCC_EnableAPB2PeriphClk) refers to main.o(.text.assert_failed) for assert_failed
    n32g031_rcc.o(.text.RCC_EnableAPB2PeriphClk) refers to n32g031_rcc.o(.rodata.str1.1) for [Anonymous Symbol]
    n32g031_rcc.o(.ARM.exidx.text.RCC_EnableAPB2PeriphClk) refers to n32g031_rcc.o(.text.RCC_EnableAPB2PeriphClk) for [Anonymous Symbol]
    n32g031_rcc.o(.text.RCC_EnableAPB1PeriphClk) refers to main.o(.text.assert_failed) for assert_failed
    n32g031_rcc.o(.text.RCC_EnableAPB1PeriphClk) refers to n32g031_rcc.o(.rodata.str1.1) for [Anonymous Symbol]
    n32g031_rcc.o(.ARM.exidx.text.RCC_EnableAPB1PeriphClk) refers to n32g031_rcc.o(.text.RCC_EnableAPB1PeriphClk) for [Anonymous Symbol]
    n32g031_rcc.o(.text.RCC_EnableAHBPeriphReset) refers to main.o(.text.assert_failed) for assert_failed
    n32g031_rcc.o(.text.RCC_EnableAHBPeriphReset) refers to n32g031_rcc.o(.rodata.str1.1) for [Anonymous Symbol]
    n32g031_rcc.o(.ARM.exidx.text.RCC_EnableAHBPeriphReset) refers to n32g031_rcc.o(.text.RCC_EnableAHBPeriphReset) for [Anonymous Symbol]
    n32g031_rcc.o(.text.RCC_EnableAPB2PeriphReset) refers to main.o(.text.assert_failed) for assert_failed
    n32g031_rcc.o(.text.RCC_EnableAPB2PeriphReset) refers to n32g031_rcc.o(.rodata.str1.1) for [Anonymous Symbol]
    n32g031_rcc.o(.ARM.exidx.text.RCC_EnableAPB2PeriphReset) refers to n32g031_rcc.o(.text.RCC_EnableAPB2PeriphReset) for [Anonymous Symbol]
    n32g031_rcc.o(.text.RCC_EnableAPB1PeriphReset) refers to main.o(.text.assert_failed) for assert_failed
    n32g031_rcc.o(.text.RCC_EnableAPB1PeriphReset) refers to n32g031_rcc.o(.rodata.str1.1) for [Anonymous Symbol]
    n32g031_rcc.o(.ARM.exidx.text.RCC_EnableAPB1PeriphReset) refers to n32g031_rcc.o(.text.RCC_EnableAPB1PeriphReset) for [Anonymous Symbol]
    n32g031_rcc.o(.text.RCC_EnableClockSecuritySystem) refers to main.o(.text.assert_failed) for assert_failed
    n32g031_rcc.o(.text.RCC_EnableClockSecuritySystem) refers to n32g031_rcc.o(.rodata.str1.1) for [Anonymous Symbol]
    n32g031_rcc.o(.ARM.exidx.text.RCC_EnableClockSecuritySystem) refers to n32g031_rcc.o(.text.RCC_EnableClockSecuritySystem) for [Anonymous Symbol]
    n32g031_rcc.o(.text.RCC_ConfigMcoClkPre) refers to main.o(.text.assert_failed) for assert_failed
    n32g031_rcc.o(.text.RCC_ConfigMcoClkPre) refers to n32g031_rcc.o(.rodata.str1.1) for [Anonymous Symbol]
    n32g031_rcc.o(.ARM.exidx.text.RCC_ConfigMcoClkPre) refers to n32g031_rcc.o(.text.RCC_ConfigMcoClkPre) for [Anonymous Symbol]
    n32g031_rcc.o(.text.RCC_ConfigMco) refers to main.o(.text.assert_failed) for assert_failed
    n32g031_rcc.o(.text.RCC_ConfigMco) refers to n32g031_rcc.o(.rodata.str1.1) for [Anonymous Symbol]
    n32g031_rcc.o(.ARM.exidx.text.RCC_ConfigMco) refers to n32g031_rcc.o(.text.RCC_ConfigMco) for [Anonymous Symbol]
    n32g031_rcc.o(.ARM.exidx.text.RCC_ClrFlag) refers to n32g031_rcc.o(.text.RCC_ClrFlag) for [Anonymous Symbol]
    n32g031_rcc.o(.text.RCC_GetIntStatus) refers to main.o(.text.assert_failed) for assert_failed
    n32g031_rcc.o(.text.RCC_GetIntStatus) refers to n32g031_rcc.o(.rodata.str1.1) for [Anonymous Symbol]
    n32g031_rcc.o(.ARM.exidx.text.RCC_GetIntStatus) refers to n32g031_rcc.o(.text.RCC_GetIntStatus) for [Anonymous Symbol]
    n32g031_rcc.o(.text.RCC_ClrIntPendingBit) refers to main.o(.text.assert_failed) for assert_failed
    n32g031_rcc.o(.text.RCC_ClrIntPendingBit) refers to n32g031_rcc.o(.rodata.str1.1) for [Anonymous Symbol]
    n32g031_rcc.o(.ARM.exidx.text.RCC_ClrIntPendingBit) refers to n32g031_rcc.o(.text.RCC_ClrIntPendingBit) for [Anonymous Symbol]
    n32g031_rcc.o(.text.RCC_EnableRAMCParityErrorReset) refers to main.o(.text.assert_failed) for assert_failed
    n32g031_rcc.o(.text.RCC_EnableRAMCParityErrorReset) refers to n32g031_rcc.o(.rodata.str1.1) for [Anonymous Symbol]
    n32g031_rcc.o(.ARM.exidx.text.RCC_EnableRAMCParityErrorReset) refers to n32g031_rcc.o(.text.RCC_EnableRAMCParityErrorReset) for [Anonymous Symbol]
    main.o(.text.main) refers to n32g031_rcc.o(.text.RCC_EnableAPB2PeriphClk) for RCC_EnableAPB2PeriphClk
    main.o(.text.main) refers to n32g031_gpio.o(.text.GPIO_InitStruct) for GPIO_InitStruct
    main.o(.text.main) refers to n32g031_gpio.o(.text.GPIO_InitPeripheral) for GPIO_InitPeripheral
    main.o(.text.main) refers to n32g031_gpio.o(.text.GPIO_SetBits) for GPIO_SetBits
    main.o(.text.main) refers to spi_flash.o(.text.sFLASH_Init) for sFLASH_Init
    main.o(.text.main) refers to spi_flash.o(.text.sFLASH_ReadID) for sFLASH_ReadID
    main.o(.text.main) refers to n32g031_gpio.o(.text.GPIO_ResetBits) for GPIO_ResetBits
    main.o(.text.main) refers to spi_flash.o(.text.sFLASH_ReadBuffer) for sFLASH_ReadBuffer
    main.o(.text.main) refers to main.o(.bss.FlashID) for FlashID
    main.o(.text.main) refers to main.o(.bss.page) for page
    main.o(.text.main) refers to main.o(.bss.buffer) for buffer
    main.o(.ARM.exidx.text.main) refers to main.o(.text.main) for [Anonymous Symbol]
    main.o(.text.GPIO_Init) refers to n32g031_rcc.o(.text.RCC_EnableAPB2PeriphClk) for RCC_EnableAPB2PeriphClk
    main.o(.text.GPIO_Init) refers to n32g031_gpio.o(.text.GPIO_InitStruct) for GPIO_InitStruct
    main.o(.text.GPIO_Init) refers to n32g031_gpio.o(.text.GPIO_InitPeripheral) for GPIO_InitPeripheral
    main.o(.ARM.exidx.text.GPIO_Init) refers to main.o(.text.GPIO_Init) for [Anonymous Symbol]
    main.o(.ARM.exidx.text.Delay) refers to main.o(.text.Delay) for [Anonymous Symbol]
    main.o(.text.GPIO_Off) refers to n32g031_gpio.o(.text.GPIO_SetBits) for GPIO_SetBits
    main.o(.ARM.exidx.text.GPIO_Off) refers to main.o(.text.GPIO_Off) for [Anonymous Symbol]
    main.o(.text.GPIO_On) refers to n32g031_gpio.o(.text.GPIO_ResetBits) for GPIO_ResetBits
    main.o(.ARM.exidx.text.GPIO_On) refers to main.o(.text.GPIO_On) for [Anonymous Symbol]
    main.o(.ARM.exidx.text.assert_failed) refers to main.o(.text.assert_failed) for [Anonymous Symbol]
    n32g031_it.o(.ARM.exidx.text.NMI_Handler) refers to n32g031_it.o(.text.NMI_Handler) for [Anonymous Symbol]
    n32g031_it.o(.ARM.exidx.text.HardFault_Handler) refers to n32g031_it.o(.text.HardFault_Handler) for [Anonymous Symbol]
    n32g031_it.o(.ARM.exidx.text.SVC_Handler) refers to n32g031_it.o(.text.SVC_Handler) for [Anonymous Symbol]
    n32g031_it.o(.ARM.exidx.text.PendSV_Handler) refers to n32g031_it.o(.text.PendSV_Handler) for [Anonymous Symbol]
    n32g031_it.o(.ARM.exidx.text.SysTick_Handler) refers to n32g031_it.o(.text.SysTick_Handler) for [Anonymous Symbol]
    n32g031_it.o(.ARM.exidx.text.DMA_IRQ_HANDLER) refers to n32g031_it.o(.text.DMA_IRQ_HANDLER) for [Anonymous Symbol]
    spi_flash.o(.text.sFLASH_LowLevel_DeInit) refers to n32g031_spi.o(.text.SPI_Enable) for SPI_Enable
    spi_flash.o(.text.sFLASH_LowLevel_DeInit) refers to n32g031_spi.o(.text.SPI_I2S_DeInit) for SPI_I2S_DeInit
    spi_flash.o(.text.sFLASH_LowLevel_DeInit) refers to n32g031_rcc.o(.text.RCC_EnableAPB2PeriphClk) for RCC_EnableAPB2PeriphClk
    spi_flash.o(.text.sFLASH_LowLevel_DeInit) refers to n32g031_gpio.o(.text.GPIO_InitPeripheral) for GPIO_InitPeripheral
    spi_flash.o(.ARM.exidx.text.sFLASH_LowLevel_DeInit) refers to spi_flash.o(.text.sFLASH_LowLevel_DeInit) for [Anonymous Symbol]
    spi_flash.o(.text.sFLASH_LowLevel_Init) refers to n32g031_gpio.o(.text.GPIO_InitStruct) for GPIO_InitStruct
    spi_flash.o(.text.sFLASH_LowLevel_Init) refers to n32g031_rcc.o(.text.RCC_EnableAPB2PeriphClk) for RCC_EnableAPB2PeriphClk
    spi_flash.o(.text.sFLASH_LowLevel_Init) refers to n32g031_gpio.o(.text.GPIO_InitPeripheral) for GPIO_InitPeripheral
    spi_flash.o(.ARM.exidx.text.sFLASH_LowLevel_Init) refers to spi_flash.o(.text.sFLASH_LowLevel_Init) for [Anonymous Symbol]
    spi_flash.o(.text.sFLASH_DeInit) refers to n32g031_spi.o(.text.SPI_Enable) for SPI_Enable
    spi_flash.o(.text.sFLASH_DeInit) refers to n32g031_spi.o(.text.SPI_I2S_DeInit) for SPI_I2S_DeInit
    spi_flash.o(.text.sFLASH_DeInit) refers to n32g031_rcc.o(.text.RCC_EnableAPB2PeriphClk) for RCC_EnableAPB2PeriphClk
    spi_flash.o(.text.sFLASH_DeInit) refers to n32g031_gpio.o(.text.GPIO_InitPeripheral) for GPIO_InitPeripheral
    spi_flash.o(.ARM.exidx.text.sFLASH_DeInit) refers to spi_flash.o(.text.sFLASH_DeInit) for [Anonymous Symbol]
    spi_flash.o(.text.sFLASH_Init) refers to n32g031_gpio.o(.text.GPIO_InitStruct) for GPIO_InitStruct
    spi_flash.o(.text.sFLASH_Init) refers to n32g031_rcc.o(.text.RCC_EnableAPB2PeriphClk) for RCC_EnableAPB2PeriphClk
    spi_flash.o(.text.sFLASH_Init) refers to n32g031_gpio.o(.text.GPIO_InitPeripheral) for GPIO_InitPeripheral
    spi_flash.o(.text.sFLASH_Init) refers to n32g031_gpio.o(.text.GPIO_SetBits) for GPIO_SetBits
    spi_flash.o(.text.sFLASH_Init) refers to n32g031_spi.o(.text.SPI_Init) for SPI_Init
    spi_flash.o(.text.sFLASH_Init) refers to n32g031_spi.o(.text.SPI_Enable) for SPI_Enable
    spi_flash.o(.ARM.exidx.text.sFLASH_Init) refers to spi_flash.o(.text.sFLASH_Init) for [Anonymous Symbol]
    spi_flash.o(.text.sFLASH_EraseSector) refers to spi_flash.o(.text.sFLASH_WriteEnable) for sFLASH_WriteEnable
    spi_flash.o(.text.sFLASH_EraseSector) refers to n32g031_gpio.o(.text.GPIO_ResetBits) for GPIO_ResetBits
    spi_flash.o(.text.sFLASH_EraseSector) refers to n32g031_spi.o(.text.SPI_I2S_GetStatus) for SPI_I2S_GetStatus
    spi_flash.o(.text.sFLASH_EraseSector) refers to n32g031_spi.o(.text.SPI_I2S_TransmitData) for SPI_I2S_TransmitData
    spi_flash.o(.text.sFLASH_EraseSector) refers to n32g031_spi.o(.text.SPI_I2S_ReceiveData) for SPI_I2S_ReceiveData
    spi_flash.o(.text.sFLASH_EraseSector) refers to n32g031_gpio.o(.text.GPIO_SetBits) for GPIO_SetBits
    spi_flash.o(.text.sFLASH_EraseSector) refers to spi_flash.o(.text.sFLASH_WaitForWriteEnd) for sFLASH_WaitForWriteEnd
    spi_flash.o(.ARM.exidx.text.sFLASH_EraseSector) refers to spi_flash.o(.text.sFLASH_EraseSector) for [Anonymous Symbol]
    spi_flash.o(.text.sFLASH_WriteEnable) refers to n32g031_gpio.o(.text.GPIO_ResetBits) for GPIO_ResetBits
    spi_flash.o(.text.sFLASH_WriteEnable) refers to n32g031_spi.o(.text.SPI_I2S_GetStatus) for SPI_I2S_GetStatus
    spi_flash.o(.text.sFLASH_WriteEnable) refers to n32g031_spi.o(.text.SPI_I2S_TransmitData) for SPI_I2S_TransmitData
    spi_flash.o(.text.sFLASH_WriteEnable) refers to n32g031_spi.o(.text.SPI_I2S_ReceiveData) for SPI_I2S_ReceiveData
    spi_flash.o(.text.sFLASH_WriteEnable) refers to n32g031_gpio.o(.text.GPIO_SetBits) for GPIO_SetBits
    spi_flash.o(.ARM.exidx.text.sFLASH_WriteEnable) refers to spi_flash.o(.text.sFLASH_WriteEnable) for [Anonymous Symbol]
    spi_flash.o(.text.sFLASH_SendByte) refers to n32g031_spi.o(.text.SPI_I2S_GetStatus) for SPI_I2S_GetStatus
    spi_flash.o(.text.sFLASH_SendByte) refers to n32g031_spi.o(.text.SPI_I2S_TransmitData) for SPI_I2S_TransmitData
    spi_flash.o(.text.sFLASH_SendByte) refers to n32g031_spi.o(.text.SPI_I2S_ReceiveData) for SPI_I2S_ReceiveData
    spi_flash.o(.ARM.exidx.text.sFLASH_SendByte) refers to spi_flash.o(.text.sFLASH_SendByte) for [Anonymous Symbol]
    spi_flash.o(.text.sFLASH_WaitForWriteEnd) refers to n32g031_gpio.o(.text.GPIO_ResetBits) for GPIO_ResetBits
    spi_flash.o(.text.sFLASH_WaitForWriteEnd) refers to n32g031_spi.o(.text.SPI_I2S_GetStatus) for SPI_I2S_GetStatus
    spi_flash.o(.text.sFLASH_WaitForWriteEnd) refers to n32g031_spi.o(.text.SPI_I2S_TransmitData) for SPI_I2S_TransmitData
    spi_flash.o(.text.sFLASH_WaitForWriteEnd) refers to n32g031_spi.o(.text.SPI_I2S_ReceiveData) for SPI_I2S_ReceiveData
    spi_flash.o(.text.sFLASH_WaitForWriteEnd) refers to n32g031_gpio.o(.text.GPIO_SetBits) for GPIO_SetBits
    spi_flash.o(.ARM.exidx.text.sFLASH_WaitForWriteEnd) refers to spi_flash.o(.text.sFLASH_WaitForWriteEnd) for [Anonymous Symbol]
    spi_flash.o(.text.sFLASH_EraseBulk) refers to spi_flash.o(.text.sFLASH_WriteEnable) for sFLASH_WriteEnable
    spi_flash.o(.text.sFLASH_EraseBulk) refers to n32g031_gpio.o(.text.GPIO_ResetBits) for GPIO_ResetBits
    spi_flash.o(.text.sFLASH_EraseBulk) refers to n32g031_spi.o(.text.SPI_I2S_GetStatus) for SPI_I2S_GetStatus
    spi_flash.o(.text.sFLASH_EraseBulk) refers to n32g031_spi.o(.text.SPI_I2S_TransmitData) for SPI_I2S_TransmitData
    spi_flash.o(.text.sFLASH_EraseBulk) refers to n32g031_spi.o(.text.SPI_I2S_ReceiveData) for SPI_I2S_ReceiveData
    spi_flash.o(.text.sFLASH_EraseBulk) refers to n32g031_gpio.o(.text.GPIO_SetBits) for GPIO_SetBits
    spi_flash.o(.text.sFLASH_EraseBulk) refers to spi_flash.o(.text.sFLASH_WaitForWriteEnd) for sFLASH_WaitForWriteEnd
    spi_flash.o(.ARM.exidx.text.sFLASH_EraseBulk) refers to spi_flash.o(.text.sFLASH_EraseBulk) for [Anonymous Symbol]
    spi_flash.o(.text.sFLASH_WritePage) refers to spi_flash.o(.text.sFLASH_WriteEnable) for sFLASH_WriteEnable
    spi_flash.o(.text.sFLASH_WritePage) refers to n32g031_gpio.o(.text.GPIO_ResetBits) for GPIO_ResetBits
    spi_flash.o(.text.sFLASH_WritePage) refers to n32g031_spi.o(.text.SPI_I2S_GetStatus) for SPI_I2S_GetStatus
    spi_flash.o(.text.sFLASH_WritePage) refers to n32g031_spi.o(.text.SPI_I2S_TransmitData) for SPI_I2S_TransmitData
    spi_flash.o(.text.sFLASH_WritePage) refers to n32g031_spi.o(.text.SPI_I2S_ReceiveData) for SPI_I2S_ReceiveData
    spi_flash.o(.text.sFLASH_WritePage) refers to n32g031_gpio.o(.text.GPIO_SetBits) for GPIO_SetBits
    spi_flash.o(.text.sFLASH_WritePage) refers to spi_flash.o(.text.sFLASH_WaitForWriteEnd) for sFLASH_WaitForWriteEnd
    spi_flash.o(.ARM.exidx.text.sFLASH_WritePage) refers to spi_flash.o(.text.sFLASH_WritePage) for [Anonymous Symbol]
    spi_flash.o(.text.sFLASH_WriteBuffer) refers to spi_flash.o(.text.sFLASH_WritePage) for sFLASH_WritePage
    spi_flash.o(.ARM.exidx.text.sFLASH_WriteBuffer) refers to spi_flash.o(.text.sFLASH_WriteBuffer) for [Anonymous Symbol]
    spi_flash.o(.text.sFLASH_ReadBuffer) refers to n32g031_gpio.o(.text.GPIO_ResetBits) for GPIO_ResetBits
    spi_flash.o(.text.sFLASH_ReadBuffer) refers to n32g031_spi.o(.text.SPI_I2S_GetStatus) for SPI_I2S_GetStatus
    spi_flash.o(.text.sFLASH_ReadBuffer) refers to n32g031_spi.o(.text.SPI_I2S_TransmitData) for SPI_I2S_TransmitData
    spi_flash.o(.text.sFLASH_ReadBuffer) refers to n32g031_spi.o(.text.SPI_I2S_ReceiveData) for SPI_I2S_ReceiveData
    spi_flash.o(.text.sFLASH_ReadBuffer) refers to n32g031_gpio.o(.text.GPIO_SetBits) for GPIO_SetBits
    spi_flash.o(.ARM.exidx.text.sFLASH_ReadBuffer) refers to spi_flash.o(.text.sFLASH_ReadBuffer) for [Anonymous Symbol]
    spi_flash.o(.text.sFLASH_ReadID) refers to n32g031_gpio.o(.text.GPIO_ResetBits) for GPIO_ResetBits
    spi_flash.o(.text.sFLASH_ReadID) refers to n32g031_spi.o(.text.SPI_I2S_GetStatus) for SPI_I2S_GetStatus
    spi_flash.o(.text.sFLASH_ReadID) refers to n32g031_spi.o(.text.SPI_I2S_TransmitData) for SPI_I2S_TransmitData
    spi_flash.o(.text.sFLASH_ReadID) refers to n32g031_spi.o(.text.SPI_I2S_ReceiveData) for SPI_I2S_ReceiveData
    spi_flash.o(.text.sFLASH_ReadID) refers to n32g031_gpio.o(.text.GPIO_SetBits) for GPIO_SetBits
    spi_flash.o(.ARM.exidx.text.sFLASH_ReadID) refers to spi_flash.o(.text.sFLASH_ReadID) for [Anonymous Symbol]
    spi_flash.o(.text.sFLASH_StartReadSequence) refers to n32g031_gpio.o(.text.GPIO_ResetBits) for GPIO_ResetBits
    spi_flash.o(.text.sFLASH_StartReadSequence) refers to n32g031_spi.o(.text.SPI_I2S_GetStatus) for SPI_I2S_GetStatus
    spi_flash.o(.text.sFLASH_StartReadSequence) refers to n32g031_spi.o(.text.SPI_I2S_TransmitData) for SPI_I2S_TransmitData
    spi_flash.o(.text.sFLASH_StartReadSequence) refers to n32g031_spi.o(.text.SPI_I2S_ReceiveData) for SPI_I2S_ReceiveData
    spi_flash.o(.ARM.exidx.text.sFLASH_StartReadSequence) refers to spi_flash.o(.text.sFLASH_StartReadSequence) for [Anonymous Symbol]
    spi_flash.o(.text.sFLASH_ReadByte) refers to n32g031_spi.o(.text.SPI_I2S_GetStatus) for SPI_I2S_GetStatus
    spi_flash.o(.text.sFLASH_ReadByte) refers to n32g031_spi.o(.text.SPI_I2S_TransmitData) for SPI_I2S_TransmitData
    spi_flash.o(.text.sFLASH_ReadByte) refers to n32g031_spi.o(.text.SPI_I2S_ReceiveData) for SPI_I2S_ReceiveData
    spi_flash.o(.ARM.exidx.text.sFLASH_ReadByte) refers to spi_flash.o(.text.sFLASH_ReadByte) for [Anonymous Symbol]
    spi_flash.o(.text.sFLASH_SendHalfWord) refers to n32g031_spi.o(.text.SPI_I2S_GetStatus) for SPI_I2S_GetStatus
    spi_flash.o(.text.sFLASH_SendHalfWord) refers to n32g031_spi.o(.text.SPI_I2S_TransmitData) for SPI_I2S_TransmitData
    spi_flash.o(.text.sFLASH_SendHalfWord) refers to n32g031_spi.o(.text.SPI_I2S_ReceiveData) for SPI_I2S_ReceiveData
    spi_flash.o(.ARM.exidx.text.sFLASH_SendHalfWord) refers to spi_flash.o(.text.sFLASH_SendHalfWord) for [Anonymous Symbol]
    entry.o(.ARM.Collect$$$$00000000) refers (Special) to entry10a.o(.ARM.Collect$$$$0000000D) for __rt_final_cpp
    entry.o(.ARM.Collect$$$$00000000) refers (Special) to entry11a.o(.ARM.Collect$$$$0000000F) for __rt_final_exit
    entry.o(.ARM.Collect$$$$00000000) refers (Special) to entry7b.o(.ARM.Collect$$$$00000008) for _main_clock
    entry.o(.ARM.Collect$$$$00000000) refers (Special) to entry8b.o(.ARM.Collect$$$$0000000A) for _main_cpp_init
    entry.o(.ARM.Collect$$$$00000000) refers (Special) to entry9a.o(.ARM.Collect$$$$0000000B) for _main_init
    entry.o(.ARM.Collect$$$$00000000) refers (Special) to entry5.o(.ARM.Collect$$$$00000004) for _main_scatterload
    entry.o(.ARM.Collect$$$$00000000) refers (Special) to entry2.o(.ARM.Collect$$$$00000001) for _main_stk
    entry2.o(.ARM.Collect$$$$00000001) refers to entry2.o(.ARM.Collect$$$$00002712) for __lit__00000000
    entry2.o(.ARM.Collect$$$$00002712) refers to startup_n32g031.o(STACK) for __initial_sp
    entry2.o(__vectab_stack_and_reset_area) refers to startup_n32g031.o(STACK) for __initial_sp
    entry2.o(__vectab_stack_and_reset_area) refers to entry.o(.ARM.Collect$$$$00000000) for __main
    entry5.o(.ARM.Collect$$$$00000004) refers to init.o(.text) for __scatterload
    entry9a.o(.ARM.Collect$$$$0000000B) refers to main.o(.text.main) for main
    entry9b.o(.ARM.Collect$$$$0000000C) refers to main.o(.text.main) for main
    idiv_div0.o(.text) refers to uidiv_div0.o(.text) for __aeabi_uidivmod
    init.o(.text) refers to entry5.o(.ARM.Collect$$$$00000004) for __main_after_scatterload


==============================================================================

Removing Unused input sections from the image.

    Removing startup_n32g031.o(HEAP), (512 bytes).
    Removing system_n32g031.o(.text), (0 bytes).
    Removing system_n32g031.o(.ARM.exidx.text.SystemInit), (8 bytes).
    Removing system_n32g031.o(.text.SystemCoreClockUpdate), (128 bytes).
    Removing system_n32g031.o(.ARM.exidx.text.SystemCoreClockUpdate), (8 bytes).
    Removing system_n32g031.o(.data.SystemCoreClock), (4 bytes).
    Removing system_n32g031.o(.rodata.AHBPrescTable), (16 bytes).
    Removing n32g031_gpio.o(.text), (0 bytes).
    Removing n32g031_gpio.o(.text.GPIO_DeInit), (88 bytes).
    Removing n32g031_gpio.o(.ARM.exidx.text.GPIO_DeInit), (8 bytes).
    Removing n32g031_gpio.o(.text.GPIO_DeInitPin), (408 bytes).
    Removing n32g031_gpio.o(.ARM.exidx.text.GPIO_DeInitPin), (8 bytes).
    Removing n32g031_gpio.o(.text.GPIO_AFIOInitDefault), (22 bytes).
    Removing n32g031_gpio.o(.ARM.exidx.text.GPIO_AFIOInitDefault), (8 bytes).
    Removing n32g031_gpio.o(.ARM.exidx.text.GPIO_InitPeripheral), (8 bytes).
    Removing n32g031_gpio.o(.ARM.exidx.text.GPIO_InitStruct), (8 bytes).
    Removing n32g031_gpio.o(.text.GPIO_ReadInputDataBit), (172 bytes).
    Removing n32g031_gpio.o(.ARM.exidx.text.GPIO_ReadInputDataBit), (8 bytes).
    Removing n32g031_gpio.o(.text.GPIO_ReadInputData), (60 bytes).
    Removing n32g031_gpio.o(.ARM.exidx.text.GPIO_ReadInputData), (8 bytes).
    Removing n32g031_gpio.o(.text.GPIO_ReadOutputDataBit), (172 bytes).
    Removing n32g031_gpio.o(.ARM.exidx.text.GPIO_ReadOutputDataBit), (8 bytes).
    Removing n32g031_gpio.o(.text.GPIO_ReadOutputData), (60 bytes).
    Removing n32g031_gpio.o(.ARM.exidx.text.GPIO_ReadOutputData), (8 bytes).
    Removing n32g031_gpio.o(.ARM.exidx.text.GPIO_SetBits), (8 bytes).
    Removing n32g031_gpio.o(.ARM.exidx.text.GPIO_ResetBits), (8 bytes).
    Removing n32g031_gpio.o(.text.GPIO_WriteBit), (220 bytes).
    Removing n32g031_gpio.o(.ARM.exidx.text.GPIO_WriteBit), (8 bytes).
    Removing n32g031_gpio.o(.text.GPIO_Write), (64 bytes).
    Removing n32g031_gpio.o(.ARM.exidx.text.GPIO_Write), (8 bytes).
    Removing n32g031_gpio.o(.text.GPIO_TogglePin), (108 bytes).
    Removing n32g031_gpio.o(.ARM.exidx.text.GPIO_TogglePin), (8 bytes).
    Removing n32g031_gpio.o(.text.GPIO_ConfigPinLock), (192 bytes).
    Removing n32g031_gpio.o(.ARM.exidx.text.GPIO_ConfigPinLock), (8 bytes).
    Removing n32g031_gpio.o(.text.GPIO_ConfigEXTILine), (140 bytes).
    Removing n32g031_gpio.o(.ARM.exidx.text.GPIO_ConfigEXTILine), (8 bytes).
    Removing n32g031_gpio.o(.text.GPIO_ConfigPinRemap), (244 bytes).
    Removing n32g031_gpio.o(.ARM.exidx.text.GPIO_ConfigPinRemap), (8 bytes).
    Removing n32g031_gpio.o(.text.AFIO_ConfigSPINSSMode), (136 bytes).
    Removing n32g031_gpio.o(.ARM.exidx.text.AFIO_ConfigSPINSSMode), (8 bytes).
    Removing n32g031_gpio.o(.text.AFIO_ConfigADCExternalTrigRemap), (224 bytes).
    Removing n32g031_gpio.o(.ARM.exidx.text.AFIO_ConfigADCExternalTrigRemap), (8 bytes).
    Removing n32g031_spi.o(.text), (0 bytes).
    Removing n32g031_spi.o(.text.SPI_I2S_DeInit), (68 bytes).
    Removing n32g031_spi.o(.ARM.exidx.text.SPI_I2S_DeInit), (8 bytes).
    Removing n32g031_spi.o(.ARM.exidx.text.SPI_Init), (8 bytes).
    Removing n32g031_spi.o(.text.I2S_Init), (504 bytes).
    Removing n32g031_spi.o(.ARM.exidx.text.I2S_Init), (8 bytes).
    Removing n32g031_spi.o(.text.SPI_InitStruct), (24 bytes).
    Removing n32g031_spi.o(.ARM.exidx.text.SPI_InitStruct), (8 bytes).
    Removing n32g031_spi.o(.text.I2S_InitStruct), (14 bytes).
    Removing n32g031_spi.o(.ARM.exidx.text.I2S_InitStruct), (8 bytes).
    Removing n32g031_spi.o(.ARM.exidx.text.SPI_Enable), (8 bytes).
    Removing n32g031_spi.o(.text.I2S_Enable), (80 bytes).
    Removing n32g031_spi.o(.ARM.exidx.text.I2S_Enable), (8 bytes).
    Removing n32g031_spi.o(.text.SPI_I2S_EnableInt), (156 bytes).
    Removing n32g031_spi.o(.ARM.exidx.text.SPI_I2S_EnableInt), (8 bytes).
    Removing n32g031_spi.o(.text.SPI_I2S_EnableDma), (140 bytes).
    Removing n32g031_spi.o(.ARM.exidx.text.SPI_I2S_EnableDma), (8 bytes).
    Removing n32g031_spi.o(.ARM.exidx.text.SPI_I2S_TransmitData), (8 bytes).
    Removing n32g031_spi.o(.ARM.exidx.text.SPI_I2S_ReceiveData), (8 bytes).
    Removing n32g031_spi.o(.text.SPI_SetNssLevel), (136 bytes).
    Removing n32g031_spi.o(.ARM.exidx.text.SPI_SetNssLevel), (8 bytes).
    Removing n32g031_spi.o(.text.SPI_SSOutputEnable), (88 bytes).
    Removing n32g031_spi.o(.ARM.exidx.text.SPI_SSOutputEnable), (8 bytes).
    Removing n32g031_spi.o(.text.SPI_ConfigDataLen), (112 bytes).
    Removing n32g031_spi.o(.ARM.exidx.text.SPI_ConfigDataLen), (8 bytes).
    Removing n32g031_spi.o(.text.SPI_TransmitCrcNext), (56 bytes).
    Removing n32g031_spi.o(.ARM.exidx.text.SPI_TransmitCrcNext), (8 bytes).
    Removing n32g031_spi.o(.text.SPI_EnableCalculateCrc), (92 bytes).
    Removing n32g031_spi.o(.ARM.exidx.text.SPI_EnableCalculateCrc), (8 bytes).
    Removing n32g031_spi.o(.text.SPI_GetCRCDat), (100 bytes).
    Removing n32g031_spi.o(.ARM.exidx.text.SPI_GetCRCDat), (8 bytes).
    Removing n32g031_spi.o(.text.SPI_GetCRCPoly), (56 bytes).
    Removing n32g031_spi.o(.ARM.exidx.text.SPI_GetCRCPoly), (8 bytes).
    Removing n32g031_spi.o(.text.SPI_ConfigBidirectionalMode), (132 bytes).
    Removing n32g031_spi.o(.ARM.exidx.text.SPI_ConfigBidirectionalMode), (8 bytes).
    Removing n32g031_spi.o(.ARM.exidx.text.SPI_I2S_GetStatus), (8 bytes).
    Removing n32g031_spi.o(.text.SPI_I2S_ClrCRCErrFlag), (108 bytes).
    Removing n32g031_spi.o(.ARM.exidx.text.SPI_I2S_ClrCRCErrFlag), (8 bytes).
    Removing n32g031_spi.o(.text.SPI_I2S_GetIntStatus), (140 bytes).
    Removing n32g031_spi.o(.ARM.exidx.text.SPI_I2S_GetIntStatus), (8 bytes).
    Removing n32g031_spi.o(.text.SPI_I2S_ClrITPendingBit), (112 bytes).
    Removing n32g031_spi.o(.ARM.exidx.text.SPI_I2S_ClrITPendingBit), (8 bytes).
    Removing n32g031_rcc.o(.text), (0 bytes).
    Removing n32g031_rcc.o(.text.RCC_DeInit), (72 bytes).
    Removing n32g031_rcc.o(.ARM.exidx.text.RCC_DeInit), (8 bytes).
    Removing n32g031_rcc.o(.text.RCC_ConfigHse), (100 bytes).
    Removing n32g031_rcc.o(.ARM.exidx.text.RCC_ConfigHse), (8 bytes).
    Removing n32g031_rcc.o(.text.RCC_WaitHseStable), (48 bytes).
    Removing n32g031_rcc.o(.ARM.exidx.text.RCC_WaitHseStable), (8 bytes).
    Removing n32g031_rcc.o(.text.RCC_GetFlagStatus), (144 bytes).
    Removing n32g031_rcc.o(.ARM.exidx.text.RCC_GetFlagStatus), (8 bytes).
    Removing n32g031_rcc.o(.text.RCC_ConfigHsi), (72 bytes).
    Removing n32g031_rcc.o(.ARM.exidx.text.RCC_ConfigHsi), (8 bytes).
    Removing n32g031_rcc.o(.text.RCC_WaitHsiStable), (48 bytes).
    Removing n32g031_rcc.o(.ARM.exidx.text.RCC_WaitHsiStable), (8 bytes).
    Removing n32g031_rcc.o(.text.RCC_SetHsiCalibValue), (84 bytes).
    Removing n32g031_rcc.o(.ARM.exidx.text.RCC_SetHsiCalibValue), (8 bytes).
    Removing n32g031_rcc.o(.text.RCC_EnableHsi), (52 bytes).
    Removing n32g031_rcc.o(.ARM.exidx.text.RCC_EnableHsi), (8 bytes).
    Removing n32g031_rcc.o(.text.RCC_ConfigPll), (308 bytes).
    Removing n32g031_rcc.o(.ARM.exidx.text.RCC_ConfigPll), (8 bytes).
    Removing n32g031_rcc.o(.text.RCC_EnablePll), (56 bytes).
    Removing n32g031_rcc.o(.ARM.exidx.text.RCC_EnablePll), (8 bytes).
    Removing n32g031_rcc.o(.text.RCC_EnablePllClockOut), (56 bytes).
    Removing n32g031_rcc.o(.ARM.exidx.text.RCC_EnablePllClockOut), (8 bytes).
    Removing n32g031_rcc.o(.text.RCC_ConfigSysclk), (80 bytes).
    Removing n32g031_rcc.o(.ARM.exidx.text.RCC_ConfigSysclk), (8 bytes).
    Removing n32g031_rcc.o(.text.RCC_GetSysclkSrc), (20 bytes).
    Removing n32g031_rcc.o(.ARM.exidx.text.RCC_GetSysclkSrc), (8 bytes).
    Removing n32g031_rcc.o(.text.RCC_ConfigHclk), (92 bytes).
    Removing n32g031_rcc.o(.ARM.exidx.text.RCC_ConfigHclk), (8 bytes).
    Removing n32g031_rcc.o(.text.RCC_ConfigPclk1), (60 bytes).
    Removing n32g031_rcc.o(.ARM.exidx.text.RCC_ConfigPclk1), (8 bytes).
    Removing n32g031_rcc.o(.text.RCC_ConfigPclk2), (64 bytes).
    Removing n32g031_rcc.o(.ARM.exidx.text.RCC_ConfigPclk2), (8 bytes).
    Removing n32g031_rcc.o(.text.RCC_ConfigInt), (120 bytes).
    Removing n32g031_rcc.o(.ARM.exidx.text.RCC_ConfigInt), (8 bytes).
    Removing n32g031_rcc.o(.text.RCC_ConfigTim18Clk), (92 bytes).
    Removing n32g031_rcc.o(.ARM.exidx.text.RCC_ConfigTim18Clk), (8 bytes).
    Removing n32g031_rcc.o(.text.RCC_ConfigAdc1mClk), (160 bytes).
    Removing n32g031_rcc.o(.ARM.exidx.text.RCC_ConfigAdc1mClk), (8 bytes).
    Removing n32g031_rcc.o(.text.RCC_ConfigAdcPllClk), (140 bytes).
    Removing n32g031_rcc.o(.ARM.exidx.text.RCC_ConfigAdcPllClk), (8 bytes).
    Removing n32g031_rcc.o(.text.RCC_ConfigAdcHclk), (92 bytes).
    Removing n32g031_rcc.o(.ARM.exidx.text.RCC_ConfigAdcHclk), (8 bytes).
    Removing n32g031_rcc.o(.text.RCC_ConfigLPTIMClk), (96 bytes).
    Removing n32g031_rcc.o(.ARM.exidx.text.RCC_ConfigLPTIMClk), (8 bytes).
    Removing n32g031_rcc.o(.text.RCC_GetLPTIMClkSrc), (16 bytes).
    Removing n32g031_rcc.o(.ARM.exidx.text.RCC_GetLPTIMClkSrc), (8 bytes).
    Removing n32g031_rcc.o(.text.RCC_ConfigLPUARTClk), (92 bytes).
    Removing n32g031_rcc.o(.ARM.exidx.text.RCC_ConfigLPUARTClk), (8 bytes).
    Removing n32g031_rcc.o(.text.RCC_GetLPUARTClkSrc), (16 bytes).
    Removing n32g031_rcc.o(.ARM.exidx.text.RCC_GetLPUARTClkSrc), (8 bytes).
    Removing n32g031_rcc.o(.text.RCC_LSE_Trim_Config), (32 bytes).
    Removing n32g031_rcc.o(.ARM.exidx.text.RCC_LSE_Trim_Config), (8 bytes).
    Removing n32g031_rcc.o(.text.RCC_ConfigLse), (132 bytes).
    Removing n32g031_rcc.o(.ARM.exidx.text.RCC_ConfigLse), (8 bytes).
    Removing n32g031_rcc.o(.text.RCC_EnableLsi), (56 bytes).
    Removing n32g031_rcc.o(.ARM.exidx.text.RCC_EnableLsi), (8 bytes).
    Removing n32g031_rcc.o(.text.RCC_ConfigRtcClk), (92 bytes).
    Removing n32g031_rcc.o(.ARM.exidx.text.RCC_ConfigRtcClk), (8 bytes).
    Removing n32g031_rcc.o(.text.RCC_GetRTCClkSrc), (16 bytes).
    Removing n32g031_rcc.o(.ARM.exidx.text.RCC_GetRTCClkSrc), (8 bytes).
    Removing n32g031_rcc.o(.text.RCC_EnableRtcClk), (56 bytes).
    Removing n32g031_rcc.o(.ARM.exidx.text.RCC_EnableRtcClk), (8 bytes).
    Removing n32g031_rcc.o(.text.RCC_EnableRTCReset), (56 bytes).
    Removing n32g031_rcc.o(.ARM.exidx.text.RCC_EnableRTCReset), (8 bytes).
    Removing n32g031_rcc.o(.text.RCC_ConfigLPRUNClk), (92 bytes).
    Removing n32g031_rcc.o(.ARM.exidx.text.RCC_ConfigLPRUNClk), (8 bytes).
    Removing n32g031_rcc.o(.text.RCC_GetLPRUNClkSrc), (16 bytes).
    Removing n32g031_rcc.o(.ARM.exidx.text.RCC_GetLPRUNClkSrc), (8 bytes).
    Removing n32g031_rcc.o(.text.RCC_GetClocksFreqValue), (256 bytes).
    Removing n32g031_rcc.o(.ARM.exidx.text.RCC_GetClocksFreqValue), (8 bytes).
    Removing n32g031_rcc.o(.text.RCC_EnableAHBPeriphClk), (120 bytes).
    Removing n32g031_rcc.o(.ARM.exidx.text.RCC_EnableAHBPeriphClk), (8 bytes).
    Removing n32g031_rcc.o(.ARM.exidx.text.RCC_EnableAPB2PeriphClk), (8 bytes).
    Removing n32g031_rcc.o(.text.RCC_EnableAPB1PeriphClk), (120 bytes).
    Removing n32g031_rcc.o(.ARM.exidx.text.RCC_EnableAPB1PeriphClk), (8 bytes).
    Removing n32g031_rcc.o(.text.RCC_EnableAHBPeriphReset), (124 bytes).
    Removing n32g031_rcc.o(.ARM.exidx.text.RCC_EnableAHBPeriphReset), (8 bytes).
    Removing n32g031_rcc.o(.text.RCC_EnableAPB2PeriphReset), (88 bytes).
    Removing n32g031_rcc.o(.ARM.exidx.text.RCC_EnableAPB2PeriphReset), (8 bytes).
    Removing n32g031_rcc.o(.text.RCC_EnableAPB1PeriphReset), (128 bytes).
    Removing n32g031_rcc.o(.ARM.exidx.text.RCC_EnableAPB1PeriphReset), (8 bytes).
    Removing n32g031_rcc.o(.text.RCC_EnableClockSecuritySystem), (60 bytes).
    Removing n32g031_rcc.o(.ARM.exidx.text.RCC_EnableClockSecuritySystem), (8 bytes).
    Removing n32g031_rcc.o(.text.RCC_ConfigMcoClkPre), (112 bytes).
    Removing n32g031_rcc.o(.ARM.exidx.text.RCC_ConfigMcoClkPre), (8 bytes).
    Removing n32g031_rcc.o(.text.RCC_ConfigMco), (68 bytes).
    Removing n32g031_rcc.o(.ARM.exidx.text.RCC_ConfigMco), (8 bytes).
    Removing n32g031_rcc.o(.text.RCC_ClrFlag), (24 bytes).
    Removing n32g031_rcc.o(.ARM.exidx.text.RCC_ClrFlag), (8 bytes).
    Removing n32g031_rcc.o(.text.RCC_GetIntStatus), (88 bytes).
    Removing n32g031_rcc.o(.ARM.exidx.text.RCC_GetIntStatus), (8 bytes).
    Removing n32g031_rcc.o(.text.RCC_ClrIntPendingBit), (136 bytes).
    Removing n32g031_rcc.o(.ARM.exidx.text.RCC_ClrIntPendingBit), (8 bytes).
    Removing n32g031_rcc.o(.text.RCC_EnableRAMCParityErrorReset), (60 bytes).
    Removing n32g031_rcc.o(.ARM.exidx.text.RCC_EnableRAMCParityErrorReset), (8 bytes).
    Removing n32g031_rcc.o(.rodata.cst16), (16 bytes).
    Removing main.o(.text), (0 bytes).
    Removing main.o(.ARM.exidx.text.main), (8 bytes).
    Removing main.o(.text.GPIO_Init), (100 bytes).
    Removing main.o(.ARM.exidx.text.GPIO_Init), (8 bytes).
    Removing main.o(.text.Delay), (32 bytes).
    Removing main.o(.ARM.exidx.text.Delay), (8 bytes).
    Removing main.o(.text.GPIO_Off), (8 bytes).
    Removing main.o(.ARM.exidx.text.GPIO_Off), (8 bytes).
    Removing main.o(.text.GPIO_On), (8 bytes).
    Removing main.o(.ARM.exidx.text.GPIO_On), (8 bytes).
    Removing main.o(.ARM.exidx.text.assert_failed), (8 bytes).
    Removing main.o(.bss.write_flag), (4 bytes).
    Removing main.o(.ARM.use_no_argv), (4 bytes).
    Removing n32g031_it.o(.text), (0 bytes).
    Removing n32g031_it.o(.ARM.exidx.text.NMI_Handler), (8 bytes).
    Removing n32g031_it.o(.ARM.exidx.text.HardFault_Handler), (8 bytes).
    Removing n32g031_it.o(.ARM.exidx.text.SVC_Handler), (8 bytes).
    Removing n32g031_it.o(.ARM.exidx.text.PendSV_Handler), (8 bytes).
    Removing n32g031_it.o(.ARM.exidx.text.SysTick_Handler), (8 bytes).
    Removing n32g031_it.o(.text.DMA_IRQ_HANDLER), (2 bytes).
    Removing n32g031_it.o(.ARM.exidx.text.DMA_IRQ_HANDLER), (8 bytes).
    Removing spi_flash.o(.text), (0 bytes).
    Removing spi_flash.o(.text.sFLASH_LowLevel_DeInit), (100 bytes).
    Removing spi_flash.o(.ARM.exidx.text.sFLASH_LowLevel_DeInit), (8 bytes).
    Removing spi_flash.o(.text.sFLASH_LowLevel_Init), (100 bytes).
    Removing spi_flash.o(.ARM.exidx.text.sFLASH_LowLevel_Init), (8 bytes).
    Removing spi_flash.o(.text.sFLASH_DeInit), (100 bytes).
    Removing spi_flash.o(.ARM.exidx.text.sFLASH_DeInit), (8 bytes).
    Removing spi_flash.o(.ARM.exidx.text.sFLASH_Init), (8 bytes).
    Removing spi_flash.o(.text.sFLASH_EraseSector), (208 bytes).
    Removing spi_flash.o(.ARM.exidx.text.sFLASH_EraseSector), (8 bytes).
    Removing spi_flash.o(.text.sFLASH_WriteEnable), (76 bytes).
    Removing spi_flash.o(.ARM.exidx.text.sFLASH_WriteEnable), (8 bytes).
    Removing spi_flash.o(.text.sFLASH_SendByte), (52 bytes).
    Removing spi_flash.o(.ARM.exidx.text.sFLASH_SendByte), (8 bytes).
    Removing spi_flash.o(.text.sFLASH_WaitForWriteEnd), (116 bytes).
    Removing spi_flash.o(.ARM.exidx.text.sFLASH_WaitForWriteEnd), (8 bytes).
    Removing spi_flash.o(.text.sFLASH_EraseBulk), (84 bytes).
    Removing spi_flash.o(.ARM.exidx.text.sFLASH_EraseBulk), (8 bytes).
    Removing spi_flash.o(.text.sFLASH_WritePage), (260 bytes).
    Removing spi_flash.o(.ARM.exidx.text.sFLASH_WritePage), (8 bytes).
    Removing spi_flash.o(.text.sFLASH_WriteBuffer), (156 bytes).
    Removing spi_flash.o(.ARM.exidx.text.sFLASH_WriteBuffer), (8 bytes).
    Removing spi_flash.o(.ARM.exidx.text.sFLASH_ReadBuffer), (8 bytes).
    Removing spi_flash.o(.ARM.exidx.text.sFLASH_ReadID), (8 bytes).
    Removing spi_flash.o(.text.sFLASH_StartReadSequence), (184 bytes).
    Removing spi_flash.o(.ARM.exidx.text.sFLASH_StartReadSequence), (8 bytes).
    Removing spi_flash.o(.text.sFLASH_ReadByte), (52 bytes).
    Removing spi_flash.o(.ARM.exidx.text.sFLASH_ReadByte), (8 bytes).
    Removing spi_flash.o(.text.sFLASH_SendHalfWord), (52 bytes).
    Removing spi_flash.o(.ARM.exidx.text.sFLASH_SendHalfWord), (8 bytes).

232 unused section(s) (total 11874 bytes) removed from the image.

==============================================================================

Image Symbol Table

    Local Symbols

    Symbol Name                              Value     Ov Type        Size  Object(Section)

    ../clib/division.s                       0x00000000   Number         0  aeabi_sdivfast.o ABSOLUTE
    ../clib/division.s                       0x00000000   Number         0  aeabi_sdivfast_div0.o ABSOLUTE
    ../clib/microlib/division.c              0x00000000   Number         0  uidiv.o ABSOLUTE
    ../clib/microlib/division.c              0x00000000   Number         0  uidiv_div0.o ABSOLUTE
    ../clib/microlib/division.c              0x00000000   Number         0  idiv_div0.o ABSOLUTE
    ../clib/microlib/division.c              0x00000000   Number         0  idiv0.o ABSOLUTE
    ../clib/microlib/init/entry.s            0x00000000   Number         0  entry.o ABSOLUTE
    ../clib/microlib/init/entry.s            0x00000000   Number         0  entry2.o ABSOLUTE
    ../clib/microlib/init/entry.s            0x00000000   Number         0  entry5.o ABSOLUTE
    ../clib/microlib/init/entry.s            0x00000000   Number         0  entry7a.o ABSOLUTE
    ../clib/microlib/init/entry.s            0x00000000   Number         0  entry7b.o ABSOLUTE
    ../clib/microlib/init/entry.s            0x00000000   Number         0  entry8a.o ABSOLUTE
    ../clib/microlib/init/entry.s            0x00000000   Number         0  entry8b.o ABSOLUTE
    ../clib/microlib/init/entry.s            0x00000000   Number         0  entry9a.o ABSOLUTE
    ../clib/microlib/init/entry.s            0x00000000   Number         0  entry9b.o ABSOLUTE
    ../clib/microlib/init/entry.s            0x00000000   Number         0  entry10a.o ABSOLUTE
    ../clib/microlib/init/entry.s            0x00000000   Number         0  entry10b.o ABSOLUTE
    ../clib/microlib/init/entry.s            0x00000000   Number         0  entry11a.o ABSOLUTE
    ../clib/microlib/init/entry.s            0x00000000   Number         0  entry11b.o ABSOLUTE
    ../firmware/CMSIS/device/startup/startup_n32g031.s 0x00000000   Number         0  startup_n32g031.o ABSOLUTE
    dc.s                                     0x00000000   Number         0  dc.o ABSOLUTE
    handlers.s                               0x00000000   Number         0  handlers.o ABSOLUTE
    init.s                                   0x00000000   Number         0  init.o ABSOLUTE
    main.c                                   0x00000000   Number         0  main.o ABSOLUTE
    n32g031_gpio.c                           0x00000000   Number         0  n32g031_gpio.o ABSOLUTE
    n32g031_it.c                             0x00000000   Number         0  n32g031_it.o ABSOLUTE
    n32g031_rcc.c                            0x00000000   Number         0  n32g031_rcc.o ABSOLUTE
    n32g031_spi.c                            0x00000000   Number         0  n32g031_spi.o ABSOLUTE
    spi_flash.c                              0x00000000   Number         0  spi_flash.o ABSOLUTE
    system_n32g031.c                         0x00000000   Number         0  system_n32g031.o ABSOLUTE
    RESET                                    0x08000000   Section      192  startup_n32g031.o(RESET)
    .ARM.Collect$$$$00000000                 0x080000c0   Section        0  entry.o(.ARM.Collect$$$$00000000)
    .ARM.Collect$$$$00000001                 0x080000c0   Section        4  entry2.o(.ARM.Collect$$$$00000001)
    .ARM.Collect$$$$00000004                 0x080000c4   Section        4  entry5.o(.ARM.Collect$$$$00000004)
    .ARM.Collect$$$$00000008                 0x080000c8   Section        0  entry7b.o(.ARM.Collect$$$$00000008)
    .ARM.Collect$$$$0000000A                 0x080000c8   Section        0  entry8b.o(.ARM.Collect$$$$0000000A)
    .ARM.Collect$$$$0000000B                 0x080000c8   Section        8  entry9a.o(.ARM.Collect$$$$0000000B)
    __lit__00000000                          0x080000d0   Data           4  entry2.o(.ARM.Collect$$$$00002712)
    .ARM.Collect$$$$0000000D                 0x080000d0   Section        0  entry10a.o(.ARM.Collect$$$$0000000D)
    .ARM.Collect$$$$0000000F                 0x080000d0   Section        0  entry11a.o(.ARM.Collect$$$$0000000F)
    .ARM.Collect$$$$00002712                 0x080000d0   Section        4  entry2.o(.ARM.Collect$$$$00002712)
    .text                                    0x080000d4   Section       28  startup_n32g031.o(.text)
    .text                                    0x080000f0   Section       48  init.o(.text)
    [Anonymous Symbol]                       0x08000120   Section        0  n32g031_gpio.o(.text.GPIO_InitPeripheral)
    __arm_cp.3_0                             0x080003a8   Number         4  n32g031_gpio.o(.text.GPIO_InitPeripheral)
    __arm_cp.3_1                             0x080003ac   Number         4  n32g031_gpio.o(.text.GPIO_InitPeripheral)
    __arm_cp.3_2                             0x080003b0   Number         4  n32g031_gpio.o(.text.GPIO_InitPeripheral)
    __arm_cp.3_3                             0x080003b4   Number         4  n32g031_gpio.o(.text.GPIO_InitPeripheral)
    __arm_cp.3_4                             0x080003b8   Number         4  n32g031_gpio.o(.text.GPIO_InitPeripheral)
    __arm_cp.3_5                             0x080003bc   Number         4  n32g031_gpio.o(.text.GPIO_InitPeripheral)
    __arm_cp.3_6                             0x080003c0   Number         4  n32g031_gpio.o(.text.GPIO_InitPeripheral)
    __arm_cp.3_8                             0x080003f8   Number         4  n32g031_gpio.o(.text.GPIO_InitPeripheral)
    __arm_cp.3_9                             0x080003fc   Number         4  n32g031_gpio.o(.text.GPIO_InitPeripheral)
    __arm_cp.3_10                            0x08000400   Number         4  n32g031_gpio.o(.text.GPIO_InitPeripheral)
    __arm_cp.3_11                            0x08000404   Number         4  n32g031_gpio.o(.text.GPIO_InitPeripheral)
    __arm_cp.3_12                            0x08000408   Number         4  n32g031_gpio.o(.text.GPIO_InitPeripheral)
    __arm_cp.3_13                            0x0800040c   Number         4  n32g031_gpio.o(.text.GPIO_InitPeripheral)
    __arm_cp.3_14                            0x08000410   Number         4  n32g031_gpio.o(.text.GPIO_InitPeripheral)
    __arm_cp.3_15                            0x08000414   Number         4  n32g031_gpio.o(.text.GPIO_InitPeripheral)
    __arm_cp.3_16                            0x08000418   Number         4  n32g031_gpio.o(.text.GPIO_InitPeripheral)
    __arm_cp.3_18                            0x08000448   Number         4  n32g031_gpio.o(.text.GPIO_InitPeripheral)
    __arm_cp.3_19                            0x0800044c   Number         4  n32g031_gpio.o(.text.GPIO_InitPeripheral)
    __arm_cp.3_20                            0x08000450   Number         4  n32g031_gpio.o(.text.GPIO_InitPeripheral)
    __arm_cp.3_21                            0x08000454   Number         4  n32g031_gpio.o(.text.GPIO_InitPeripheral)
    __arm_cp.3_22                            0x08000458   Number         4  n32g031_gpio.o(.text.GPIO_InitPeripheral)
    __arm_cp.3_23                            0x0800045c   Number         4  n32g031_gpio.o(.text.GPIO_InitPeripheral)
    __arm_cp.3_24                            0x08000460   Number         4  n32g031_gpio.o(.text.GPIO_InitPeripheral)
    [Anonymous Symbol]                       0x08000464   Section        0  n32g031_gpio.o(.text.GPIO_InitStruct)
    __arm_cp.4_0                             0x0800047c   Number         4  n32g031_gpio.o(.text.GPIO_InitStruct)
    [Anonymous Symbol]                       0x08000480   Section        0  n32g031_gpio.o(.text.GPIO_ResetBits)
    [Anonymous Symbol]                       0x0800050c   Section        0  n32g031_gpio.o(.text.GPIO_SetBits)
    __arm_cp.9_0                             0x08000598   Number         4  n32g031_gpio.o(.text.GPIO_SetBits)
    __arm_cp.9_1                             0x0800059c   Number         4  n32g031_gpio.o(.text.GPIO_SetBits)
    __arm_cp.9_2                             0x080005a0   Number         4  n32g031_gpio.o(.text.GPIO_SetBits)
    __arm_cp.9_3                             0x080005a4   Number         4  n32g031_gpio.o(.text.GPIO_SetBits)
    __arm_cp.9_4                             0x080005a8   Number         4  n32g031_gpio.o(.text.GPIO_SetBits)
    __arm_cp.9_5                             0x080005ac   Number         4  n32g031_gpio.o(.text.GPIO_SetBits)
    __arm_cp.9_6                             0x080005b0   Number         4  n32g031_gpio.o(.text.GPIO_SetBits)
    __arm_cp.9_7                             0x080005b4   Number         4  n32g031_gpio.o(.text.GPIO_SetBits)
    [Anonymous Symbol]                       0x080005b8   Section        0  n32g031_it.o(.text.HardFault_Handler)
    [Anonymous Symbol]                       0x080005ba   Section        0  n32g031_it.o(.text.NMI_Handler)
    [Anonymous Symbol]                       0x080005bc   Section        0  n32g031_it.o(.text.PendSV_Handler)
    [Anonymous Symbol]                       0x080005c0   Section        0  n32g031_rcc.o(.text.RCC_EnableAPB2PeriphClk)
    __arm_cp.36_0                            0x08000600   Number         4  n32g031_rcc.o(.text.RCC_EnableAPB2PeriphClk)
    __arm_cp.36_1                            0x08000604   Number         4  n32g031_rcc.o(.text.RCC_EnableAPB2PeriphClk)
    __arm_cp.36_2                            0x08000608   Number         4  n32g031_rcc.o(.text.RCC_EnableAPB2PeriphClk)
    __arm_cp.36_3                            0x0800060c   Number         4  n32g031_rcc.o(.text.RCC_EnableAPB2PeriphClk)
    __arm_cp.36_5                            0x08000610   Number         4  n32g031_rcc.o(.text.RCC_EnableAPB2PeriphClk)
    [Anonymous Symbol]                       0x08000614   Section        0  n32g031_spi.o(.text.SPI_Enable)
    __arm_cp.5_4                             0x08000658   Number         4  n32g031_spi.o(.text.SPI_Enable)
    [Anonymous Symbol]                       0x0800065c   Section        0  n32g031_spi.o(.text.SPI_I2S_GetStatus)
    __arm_cp.19_0                            0x080006e4   Number         4  n32g031_spi.o(.text.SPI_I2S_GetStatus)
    __arm_cp.19_1                            0x080006e8   Number         4  n32g031_spi.o(.text.SPI_I2S_GetStatus)
    __arm_cp.19_2                            0x080006ec   Number         4  n32g031_spi.o(.text.SPI_I2S_GetStatus)
    __arm_cp.19_3                            0x080006f0   Number         4  n32g031_spi.o(.text.SPI_I2S_GetStatus)
    __arm_cp.19_4                            0x080006f4   Number         4  n32g031_spi.o(.text.SPI_I2S_GetStatus)
    [Anonymous Symbol]                       0x0800071c   Section        0  n32g031_spi.o(.text.SPI_I2S_ReceiveData)
    [Anonymous Symbol]                       0x08000740   Section        0  n32g031_spi.o(.text.SPI_I2S_TransmitData)
    [Anonymous Symbol]                       0x08000768   Section        0  n32g031_spi.o(.text.SPI_Init)
    __arm_cp.1_0                             0x08000890   Number         4  n32g031_spi.o(.text.SPI_Init)
    __arm_cp.1_1                             0x08000894   Number         4  n32g031_spi.o(.text.SPI_Init)
    __arm_cp.1_2                             0x08000898   Number         4  n32g031_spi.o(.text.SPI_Init)
    __arm_cp.1_3                             0x0800089c   Number         4  n32g031_spi.o(.text.SPI_Init)
    __arm_cp.1_4                             0x080008a0   Number         4  n32g031_spi.o(.text.SPI_Init)
    __arm_cp.1_8                             0x08000928   Number         4  n32g031_spi.o(.text.SPI_Init)
    __arm_cp.1_9                             0x0800092c   Number         4  n32g031_spi.o(.text.SPI_Init)
    __arm_cp.1_10                            0x08000930   Number         4  n32g031_spi.o(.text.SPI_Init)
    __arm_cp.1_11                            0x08000934   Number         4  n32g031_spi.o(.text.SPI_Init)
    __arm_cp.1_12                            0x08000938   Number         4  n32g031_spi.o(.text.SPI_Init)
    __arm_cp.1_13                            0x0800093c   Number         4  n32g031_spi.o(.text.SPI_Init)
    __arm_cp.1_14                            0x08000940   Number         4  n32g031_spi.o(.text.SPI_Init)
    [Anonymous Symbol]                       0x08000944   Section        0  n32g031_it.o(.text.SVC_Handler)
    [Anonymous Symbol]                       0x08000946   Section        0  n32g031_it.o(.text.SysTick_Handler)
    [Anonymous Symbol]                       0x08000948   Section        0  system_n32g031.o(.text.SystemInit)
    __arm_cp.0_0                             0x08000a04   Number         4  system_n32g031.o(.text.SystemInit)
    __arm_cp.0_1                             0x08000a08   Number         4  system_n32g031.o(.text.SystemInit)
    __arm_cp.0_2                             0x08000a0c   Number         4  system_n32g031.o(.text.SystemInit)
    __arm_cp.0_3                             0x08000a10   Number         4  system_n32g031.o(.text.SystemInit)
    __arm_cp.0_4                             0x08000a14   Number         4  system_n32g031.o(.text.SystemInit)
    __arm_cp.0_5                             0x08000a18   Number         4  system_n32g031.o(.text.SystemInit)
    __arm_cp.0_6                             0x08000a1c   Number         4  system_n32g031.o(.text.SystemInit)
    __arm_cp.0_7                             0x08000a20   Number         4  system_n32g031.o(.text.SystemInit)
    [Anonymous Symbol]                       0x08000a24   Section        0  main.o(.text.assert_failed)
    [Anonymous Symbol]                       0x08000a28   Section        0  main.o(.text.main)
    __arm_cp.0_1                             0x08000ac4   Number         4  main.o(.text.main)
    __arm_cp.0_2                             0x08000ac8   Number         4  main.o(.text.main)
    __arm_cp.0_3                             0x08000acc   Number         4  main.o(.text.main)
    __arm_cp.0_4                             0x08000ad0   Number         4  main.o(.text.main)
    [Anonymous Symbol]                       0x08000ad4   Section        0  spi_flash.o(.text.sFLASH_Init)
    [Anonymous Symbol]                       0x08000b70   Section        0  spi_flash.o(.text.sFLASH_ReadBuffer)
    [Anonymous Symbol]                       0x08000c64   Section        0  spi_flash.o(.text.sFLASH_ReadID)
    __arm_cp.12_0                            0x08000d30   Number         4  spi_flash.o(.text.sFLASH_ReadID)
    __arm_cp.12_1                            0x08000d34   Number         4  spi_flash.o(.text.sFLASH_ReadID)
    i.__scatterload_copy                     0x08000d38   Section       14  handlers.o(i.__scatterload_copy)
    i.__scatterload_null                     0x08000d46   Section        2  handlers.o(i.__scatterload_null)
    i.__scatterload_zeroinit                 0x08000d48   Section       14  handlers.o(i.__scatterload_zeroinit)
    [Anonymous Symbol]                       0x08000d56   Section        0  n32g031_gpio.o(.rodata.str1.1)
    [Anonymous Symbol]                       0x08000e98   Section        0  n32g031_spi.o(.rodata.str1.1)
    [Anonymous Symbol]                       0x08001094   Section        0  n32g031_rcc.o(.rodata.str1.1)
    STACK                                    0x20001008   Section     1024  startup_n32g031.o(STACK)

    Global Symbols

    Symbol Name                              Value     Ov Type        Size  Object(Section)

    BuildAttributes$$THM_ISAv3M$S$PE$A:L22$X:L11$S22$IEEE1$IW$~IW$USESV6$~STKCKD$USESV7$~SHL$OTIME$EBA8$MICROLIB$REQ8$PRES8$EABIv2 0x00000000   Number         0  anon$$obj.o ABSOLUTE
    __cpp_initialize__aeabi_                  - Undefined Weak Reference
    __cxa_finalize                            - Undefined Weak Reference
    __decompress                              - Undefined Weak Reference
    _clock_init                               - Undefined Weak Reference
    _microlib_exit                            - Undefined Weak Reference
    __Vectors_Size                           0x000000c0   Number         0  startup_n32g031.o ABSOLUTE
    __Vectors                                0x08000000   Data           4  startup_n32g031.o(RESET)
    __Vectors_End                            0x080000c0   Data           0  startup_n32g031.o(RESET)
    __main                                   0x080000c1   Thumb Code     0  entry.o(.ARM.Collect$$$$00000000)
    _main_stk                                0x080000c1   Thumb Code     0  entry2.o(.ARM.Collect$$$$00000001)
    _main_scatterload                        0x080000c5   Thumb Code     0  entry5.o(.ARM.Collect$$$$00000004)
    __main_after_scatterload                 0x080000c9   Thumb Code     0  entry5.o(.ARM.Collect$$$$00000004)
    _main_clock                              0x080000c9   Thumb Code     0  entry7b.o(.ARM.Collect$$$$00000008)
    _main_cpp_init                           0x080000c9   Thumb Code     0  entry8b.o(.ARM.Collect$$$$0000000A)
    _main_init                               0x080000c9   Thumb Code     0  entry9a.o(.ARM.Collect$$$$0000000B)
    __rt_final_cpp                           0x080000d1   Thumb Code     0  entry10a.o(.ARM.Collect$$$$0000000D)
    __rt_final_exit                          0x080000d1   Thumb Code     0  entry11a.o(.ARM.Collect$$$$0000000F)
    Reset_Handler                            0x080000d5   Thumb Code     8  startup_n32g031.o(.text)
    ADC_IRQHandler                           0x080000e7   Thumb Code     0  startup_n32g031.o(.text)
    COMP_IRQHandler                          0x080000e7   Thumb Code     0  startup_n32g031.o(.text)
    DMA_Channel1_2_3_4_IRQHandler            0x080000e7   Thumb Code     0  startup_n32g031.o(.text)
    DMA_Channel1_2_IRQHandler                0x080000e7   Thumb Code     0  startup_n32g031.o(.text)
    DMA_Channel3_4_IRQHandler                0x080000e7   Thumb Code     0  startup_n32g031.o(.text)
    DMA_Channel5_IRQHandler                  0x080000e7   Thumb Code     0  startup_n32g031.o(.text)
    EXTI0_1_IRQHandler                       0x080000e7   Thumb Code     0  startup_n32g031.o(.text)
    EXTI2_3_IRQHandler                       0x080000e7   Thumb Code     0  startup_n32g031.o(.text)
    EXTI4_15_IRQHandler                      0x080000e7   Thumb Code     0  startup_n32g031.o(.text)
    FLASH_IRQHandler                         0x080000e7   Thumb Code     0  startup_n32g031.o(.text)
    HDIV_SQRT_IRQHandler                     0x080000e7   Thumb Code     0  startup_n32g031.o(.text)
    I2C1_IRQHandler                          0x080000e7   Thumb Code     0  startup_n32g031.o(.text)
    I2C2_IRQHandler                          0x080000e7   Thumb Code     0  startup_n32g031.o(.text)
    LPTIM_TIM6_IRQHandler                    0x080000e7   Thumb Code     0  startup_n32g031.o(.text)
    LPUART_IRQHandler                        0x080000e7   Thumb Code     0  startup_n32g031.o(.text)
    MMU_IRQHandler                           0x080000e7   Thumb Code     0  startup_n32g031.o(.text)
    PVD_IRQHandler                           0x080000e7   Thumb Code     0  startup_n32g031.o(.text)
    RAMC_PERR_IRQHandler                     0x080000e7   Thumb Code     0  startup_n32g031.o(.text)
    RCC_IRQHandler                           0x080000e7   Thumb Code     0  startup_n32g031.o(.text)
    RESERVE9_IRQHandler                      0x080000e7   Thumb Code     0  startup_n32g031.o(.text)
    RTC_IRQHandler                           0x080000e7   Thumb Code     0  startup_n32g031.o(.text)
    SPI1_IRQHandler                          0x080000e7   Thumb Code     0  startup_n32g031.o(.text)
    SPI2_IRQHandler                          0x080000e7   Thumb Code     0  startup_n32g031.o(.text)
    TIM1_BRK_UP_TRG_COM_IRQHandler           0x080000e7   Thumb Code     0  startup_n32g031.o(.text)
    TIM1_CC_IRQHandler                       0x080000e7   Thumb Code     0  startup_n32g031.o(.text)
    TIM3_IRQHandler                          0x080000e7   Thumb Code     0  startup_n32g031.o(.text)
    TIM8_BRK_UP_TRG_COM_IRQHandler           0x080000e7   Thumb Code     0  startup_n32g031.o(.text)
    TIM8_CC_IRQHandler                       0x080000e7   Thumb Code     0  startup_n32g031.o(.text)
    USART1_2_IRQHandler                      0x080000e7   Thumb Code     0  startup_n32g031.o(.text)
    USART1_IRQHandler                        0x080000e7   Thumb Code     0  startup_n32g031.o(.text)
    USART2_IRQHandler                        0x080000e7   Thumb Code     0  startup_n32g031.o(.text)
    WWDG_IRQHandler                          0x080000e7   Thumb Code     0  startup_n32g031.o(.text)
    __scatterload                            0x080000f1   Thumb Code    38  init.o(.text)
    __scatterload_rt2                        0x080000f1   Thumb Code     0  init.o(.text)
    GPIO_InitPeripheral                      0x08000121   Thumb Code   648  n32g031_gpio.o(.text.GPIO_InitPeripheral)
    GPIO_InitStruct                          0x08000465   Thumb Code    24  n32g031_gpio.o(.text.GPIO_InitStruct)
    GPIO_ResetBits                           0x08000481   Thumb Code   140  n32g031_gpio.o(.text.GPIO_ResetBits)
    GPIO_SetBits                             0x0800050d   Thumb Code   140  n32g031_gpio.o(.text.GPIO_SetBits)
    HardFault_Handler                        0x080005b9   Thumb Code     2  n32g031_it.o(.text.HardFault_Handler)
    NMI_Handler                              0x080005bb   Thumb Code     2  n32g031_it.o(.text.NMI_Handler)
    PendSV_Handler                           0x080005bd   Thumb Code     2  n32g031_it.o(.text.PendSV_Handler)
    RCC_EnableAPB2PeriphClk                  0x080005c1   Thumb Code    64  n32g031_rcc.o(.text.RCC_EnableAPB2PeriphClk)
    SPI_Enable                               0x08000615   Thumb Code    68  n32g031_spi.o(.text.SPI_Enable)
    SPI_I2S_GetStatus                        0x0800065d   Thumb Code   136  n32g031_spi.o(.text.SPI_I2S_GetStatus)
    SPI_I2S_ReceiveData                      0x0800071d   Thumb Code    36  n32g031_spi.o(.text.SPI_I2S_ReceiveData)
    SPI_I2S_TransmitData                     0x08000741   Thumb Code    40  n32g031_spi.o(.text.SPI_I2S_TransmitData)
    SPI_Init                                 0x08000769   Thumb Code   296  n32g031_spi.o(.text.SPI_Init)
    SVC_Handler                              0x08000945   Thumb Code     2  n32g031_it.o(.text.SVC_Handler)
    SysTick_Handler                          0x08000947   Thumb Code     2  n32g031_it.o(.text.SysTick_Handler)
    SystemInit                               0x08000949   Thumb Code   188  system_n32g031.o(.text.SystemInit)
    assert_failed                            0x08000a25   Thumb Code     2  main.o(.text.assert_failed)
    main                                     0x08000a29   Thumb Code   156  main.o(.text.main)
    sFLASH_Init                              0x08000ad5   Thumb Code   156  spi_flash.o(.text.sFLASH_Init)
    sFLASH_ReadBuffer                        0x08000b71   Thumb Code   244  spi_flash.o(.text.sFLASH_ReadBuffer)
    sFLASH_ReadID                            0x08000c65   Thumb Code   204  spi_flash.o(.text.sFLASH_ReadID)
    __scatterload_copy                       0x08000d39   Thumb Code    14  handlers.o(i.__scatterload_copy)
    __scatterload_null                       0x08000d47   Thumb Code     2  handlers.o(i.__scatterload_null)
    __scatterload_zeroinit                   0x08000d49   Thumb Code    14  handlers.o(i.__scatterload_zeroinit)
    Region$$Table$$Base                      0x0800110c   Number         0  anon$$obj.o(Region$$Table)
    Region$$Table$$Limit                     0x0800111c   Number         0  anon$$obj.o(Region$$Table)
    FlashID                                  0x20000000   Data           4  main.o(.bss.FlashID)
    buffer                                   0x20000004   Data        4096  main.o(.bss.buffer)
    page                                     0x20001004   Data           4  main.o(.bss.page)
    __initial_sp                             0x20001408   Data           0  startup_n32g031.o(STACK)



==============================================================================

Memory Map of the image

  Image Entry point : 0x080000c1

  Load Region LR_IROM1 (Base: 0x08000000, Size: 0x0000111c, Max: 0x00010000, ABSOLUTE)

    Execution Region ER_IROM1 (Exec base: 0x08000000, Load base: 0x08000000, Size: 0x0000111c, Max: 0x00010000, ABSOLUTE)

    Exec Addr    Load Addr    Size         Type   Attr      Idx    E Section Name        Object

    0x08000000   0x08000000   0x000000c0   Data   RO            3    RESET               startup_n32g031.o
    0x080000c0   0x080000c0   0x00000000   Code   RO          316  * .ARM.Collect$$$$00000000  mc_p.l(entry.o)
    0x080000c0   0x080000c0   0x00000004   Code   RO          325    .ARM.Collect$$$$00000001  mc_p.l(entry2.o)
    0x080000c4   0x080000c4   0x00000004   Code   RO          328    .ARM.Collect$$$$00000004  mc_p.l(entry5.o)
    0x080000c8   0x080000c8   0x00000000   Code   RO          330    .ARM.Collect$$$$00000008  mc_p.l(entry7b.o)
    0x080000c8   0x080000c8   0x00000000   Code   RO          332    .ARM.Collect$$$$0000000A  mc_p.l(entry8b.o)
    0x080000c8   0x080000c8   0x00000008   Code   RO          333    .ARM.Collect$$$$0000000B  mc_p.l(entry9a.o)
    0x080000d0   0x080000d0   0x00000000   Code   RO          335    .ARM.Collect$$$$0000000D  mc_p.l(entry10a.o)
    0x080000d0   0x080000d0   0x00000000   Code   RO          337    .ARM.Collect$$$$0000000F  mc_p.l(entry11a.o)
    0x080000d0   0x080000d0   0x00000004   Code   RO          326    .ARM.Collect$$$$00002712  mc_p.l(entry2.o)
    0x080000d4   0x080000d4   0x0000001c   Code   RO            4    .text               startup_n32g031.o
    0x080000f0   0x080000f0   0x00000030   Code   RO          349    .text               mc_p.l(init.o)
    0x08000120   0x08000120   0x00000344   Code   RO           31    .text.GPIO_InitPeripheral  n32g031_gpio.o
    0x08000464   0x08000464   0x0000001c   Code   RO           33    .text.GPIO_InitStruct  n32g031_gpio.o
    0x08000480   0x08000480   0x0000008c   Code   RO           45    .text.GPIO_ResetBits  n32g031_gpio.o
    0x0800050c   0x0800050c   0x000000ac   Code   RO           43    .text.GPIO_SetBits  n32g031_gpio.o
    0x080005b8   0x080005b8   0x00000002   Code   RO          260    .text.HardFault_Handler  n32g031_it.o
    0x080005ba   0x080005ba   0x00000002   Code   RO          258    .text.NMI_Handler   n32g031_it.o
    0x080005bc   0x080005bc   0x00000002   Code   RO          264    .text.PendSV_Handler  n32g031_it.o
    0x080005be   0x080005be   0x00000002   PAD
    0x080005c0   0x080005c0   0x00000054   Code   RO          199    .text.RCC_EnableAPB2PeriphClk  n32g031_rcc.o
    0x08000614   0x08000614   0x00000048   Code   RO           82    .text.SPI_Enable    n32g031_spi.o
    0x0800065c   0x0800065c   0x000000c0   Code   RO          110    .text.SPI_I2S_GetStatus  n32g031_spi.o
    0x0800071c   0x0800071c   0x00000024   Code   RO           92    .text.SPI_I2S_ReceiveData  n32g031_spi.o
    0x08000740   0x08000740   0x00000028   Code   RO           90    .text.SPI_I2S_TransmitData  n32g031_spi.o
    0x08000768   0x08000768   0x000001dc   Code   RO           74    .text.SPI_Init      n32g031_spi.o
    0x08000944   0x08000944   0x00000002   Code   RO          262    .text.SVC_Handler   n32g031_it.o
    0x08000946   0x08000946   0x00000002   Code   RO          266    .text.SysTick_Handler  n32g031_it.o
    0x08000948   0x08000948   0x000000dc   Code   RO           11    .text.SystemInit    system_n32g031.o
    0x08000a24   0x08000a24   0x00000002   Code   RO          243    .text.assert_failed  main.o
    0x08000a26   0x08000a26   0x00000002   PAD
    0x08000a28   0x08000a28   0x000000ac   Code   RO          233    .text.main          main.o
    0x08000ad4   0x08000ad4   0x0000009c   Code   RO          283    .text.sFLASH_Init   spi_flash.o
    0x08000b70   0x08000b70   0x000000f4   Code   RO          299    .text.sFLASH_ReadBuffer  spi_flash.o
    0x08000c64   0x08000c64   0x000000d4   Code   RO          301    .text.sFLASH_ReadID  spi_flash.o
    0x08000d38   0x08000d38   0x0000000e   Code   RO          353    i.__scatterload_copy  mc_p.l(handlers.o)
    0x08000d46   0x08000d46   0x00000002   Code   RO          354    i.__scatterload_null  mc_p.l(handlers.o)
    0x08000d48   0x08000d48   0x0000000e   Code   RO          355    i.__scatterload_zeroinit  mc_p.l(handlers.o)
    0x08000d56   0x08000d56   0x00000142   Data   RO           63    .rodata.str1.1      n32g031_gpio.o
    0x08000e98   0x08000e98   0x000001fc   Data   RO          118    .rodata.str1.1      n32g031_spi.o
    0x08001094   0x08001094   0x00000075   Data   RO          223    .rodata.str1.1      n32g031_rcc.o
    0x08001109   0x08001109   0x00000003   PAD
    0x0800110c   0x0800110c   0x00000010   Data   RO          352    Region$$Table       anon$$obj.o


    Execution Region RW_IRAM1 (Exec base: 0x20000000, Load base: 0x0800111c, Size: 0x00001408, Max: 0x00002000, ABSOLUTE)

    Exec Addr    Load Addr    Size         Type   Attr      Idx    E Section Name        Object

    0x20000000        -       0x00000004   Zero   RW          245    .bss.FlashID        main.o
    0x20000004        -       0x00001000   Zero   RW          247    .bss.buffer         main.o
    0x20001004        -       0x00000004   Zero   RW          246    .bss.page           main.o
    0x20001008        -       0x00000400   Zero   RW            1    STACK               startup_n32g031.o


==============================================================================

Image component sizes


      Code (inc. data)   RO Data    RW Data    ZI Data      Debug   Object Name

       174         16          0          0       4104       3343   main.o
      1176        236        322          0          0      10148   n32g031_gpio.o
        10          0          0          0          0        763   n32g031_it.o
        84         20        117          0          0      15789   n32g031_rcc.o
       816        304        508          0          0       9619   n32g031_spi.o
       612          8          0          0          0       8515   spi_flash.o
        28          8        192          0       1024        688   startup_n32g031.o
       220         32          0          0          0       2525   system_n32g031.o

    ----------------------------------------------------------------------
      3124        624       1158          0       5128      51390   Object Totals
         0          0         16          0          0          0   (incl. Generated)
         4          0          3          0          0          0   (incl. Padding)

    ----------------------------------------------------------------------

      Code (inc. data)   RO Data    RW Data    ZI Data      Debug   Library Member Name

         0          0          0          0          0          0   entry.o
         0          0          0          0          0          0   entry10a.o
         0          0          0          0          0          0   entry11a.o
         8          4          0          0          0          0   entry2.o
         4          0          0          0          0          0   entry5.o
         0          0          0          0          0          0   entry7b.o
         0          0          0          0          0          0   entry8b.o
         8          4          0          0          0          0   entry9a.o
        30          0          0          0          0          0   handlers.o
        48         10          0          0          0         68   init.o

    ----------------------------------------------------------------------
        98         18          0          0          0         68   Library Totals
         0          0          0          0          0          0   (incl. Padding)

    ----------------------------------------------------------------------

      Code (inc. data)   RO Data    RW Data    ZI Data      Debug   Library Name

        98         18          0          0          0         68   mc_p.l

    ----------------------------------------------------------------------
        98         18          0          0          0         68   Library Totals

    ----------------------------------------------------------------------

==============================================================================


      Code (inc. data)   RO Data    RW Data    ZI Data      Debug   

      3222        642       1158          0       5128      51490   Grand Totals
      3222        642       1158          0       5128      51490   ELF Image Totals
      3222        642       1158          0          0          0   ROM Totals

==============================================================================

    Total RO  Size (Code + RO Data)                 4380 (   4.28kB)
    Total RW  Size (RW Data + ZI Data)              5128 (   5.01kB)
    Total ROM Size (Code + RO Data + RW Data)       4380 (   4.28kB)

==============================================================================

